Component: ARM Compiler 5.06 update 6 (build 750) Tool: armlink [4d35ed]

==============================================================================

Section Cross References

    startup_stm32f40xx.o(RESET) refers to startup_stm32f40xx.o(STACK) for __initial_sp
    startup_stm32f40xx.o(RESET) refers to startup_stm32f40xx.o(.text) for Reset_Handler
    startup_stm32f40xx.o(RESET) refers to stm32f4xx_it.o(i.NMI_Handler) for NMI_Handler
    startup_stm32f40xx.o(RESET) refers to stm32f4xx_it.o(i.HardFault_Handler) for HardFault_Handler
    startup_stm32f40xx.o(RESET) refers to stm32f4xx_it.o(i.MemManage_Handler) for MemManage_Handler
    startup_stm32f40xx.o(RESET) refers to stm32f4xx_it.o(i.BusFault_Handler) for BusFault_Handler
    startup_stm32f40xx.o(RESET) refers to stm32f4xx_it.o(i.UsageFault_Handler) for UsageFault_Handler
    startup_stm32f40xx.o(RESET) refers to stm32f4xx_it.o(i.SVC_Handler) for SVC_Handler
    startup_stm32f40xx.o(RESET) refers to stm32f4xx_it.o(i.DebugMon_Handler) for DebugMon_Handler
    startup_stm32f40xx.o(RESET) refers to stm32f4xx_it.o(i.PendSV_Handler) for PendSV_Handler
    startup_stm32f40xx.o(RESET) refers to stm32f4xx_it.o(i.SysTick_Handler) for SysTick_Handler
    startup_stm32f40xx.o(RESET) refers to usart.o(i.USART1_IRQHandler) for USART1_IRQHandler
    startup_stm32f40xx.o(RESET) refers to stm32f4xx_it.o(i.TIM8_CC_IRQHandler) for TIM8_CC_IRQHandler
    startup_stm32f40xx.o(RESET) refers to sdio_sdcard.o(i.SDIO_IRQHandler) for SDIO_IRQHandler
    startup_stm32f40xx.o(.text) refers to system_stm32f4xx.o(i.SystemInit) for SystemInit
    startup_stm32f40xx.o(.text) refers to entry.o(.ARM.Collect$$$$00000000) for __main
    system_stm32f4xx.o(i.SystemCoreClockUpdate) refers to system_stm32f4xx.o(.data) for SystemCoreClock
    system_stm32f4xx.o(i.SystemInit) refers to system_stm32f4xx.o(i.SetSysClock) for SetSysClock
    stm32f4xx_adc.o(i.ADC_DeInit) refers to stm32f4xx_rcc.o(i.RCC_APB2PeriphResetCmd) for RCC_APB2PeriphResetCmd
    stm32f4xx_can.o(i.CAN_DeInit) refers to stm32f4xx_rcc.o(i.RCC_APB1PeriphResetCmd) for RCC_APB1PeriphResetCmd
    stm32f4xx_can.o(i.CAN_GetITStatus) refers to stm32f4xx_can.o(i.CheckITStatus) for CheckITStatus
    stm32f4xx_cryp.o(i.CRYP_DeInit) refers to stm32f4xx_rcc.o(i.RCC_AHB2PeriphResetCmd) for RCC_AHB2PeriphResetCmd
    stm32f4xx_cryp_aes.o(i.CRYP_AES_CBC) refers to stm32f4xx_cryp.o(i.CRYP_KeyStructInit) for CRYP_KeyStructInit
    stm32f4xx_cryp_aes.o(i.CRYP_AES_CBC) refers to stm32f4xx_cryp.o(i.CRYP_FIFOFlush) for CRYP_FIFOFlush
    stm32f4xx_cryp_aes.o(i.CRYP_AES_CBC) refers to stm32f4xx_cryp.o(i.CRYP_Init) for CRYP_Init
    stm32f4xx_cryp_aes.o(i.CRYP_AES_CBC) refers to stm32f4xx_cryp.o(i.CRYP_KeyInit) for CRYP_KeyInit
    stm32f4xx_cryp_aes.o(i.CRYP_AES_CBC) refers to stm32f4xx_cryp.o(i.CRYP_Cmd) for CRYP_Cmd
    stm32f4xx_cryp_aes.o(i.CRYP_AES_CBC) refers to stm32f4xx_cryp.o(i.CRYP_GetFlagStatus) for CRYP_GetFlagStatus
    stm32f4xx_cryp_aes.o(i.CRYP_AES_CBC) refers to stm32f4xx_cryp.o(i.CRYP_IVInit) for CRYP_IVInit
    stm32f4xx_cryp_aes.o(i.CRYP_AES_CBC) refers to stm32f4xx_cryp.o(i.CRYP_GetCmdStatus) for CRYP_GetCmdStatus
    stm32f4xx_cryp_aes.o(i.CRYP_AES_CBC) refers to stm32f4xx_cryp.o(i.CRYP_DataIn) for CRYP_DataIn
    stm32f4xx_cryp_aes.o(i.CRYP_AES_CBC) refers to stm32f4xx_cryp.o(i.CRYP_DataOut) for CRYP_DataOut
    stm32f4xx_cryp_aes.o(i.CRYP_AES_CCM) refers to stm32f4xx_cryp.o(i.CRYP_KeyStructInit) for CRYP_KeyStructInit
    stm32f4xx_cryp_aes.o(i.CRYP_AES_CCM) refers to stm32f4xx_cryp.o(i.CRYP_FIFOFlush) for CRYP_FIFOFlush
    stm32f4xx_cryp_aes.o(i.CRYP_AES_CCM) refers to stm32f4xx_cryp.o(i.CRYP_KeyInit) for CRYP_KeyInit
    stm32f4xx_cryp_aes.o(i.CRYP_AES_CCM) refers to stm32f4xx_cryp.o(i.CRYP_IVInit) for CRYP_IVInit
    stm32f4xx_cryp_aes.o(i.CRYP_AES_CCM) refers to stm32f4xx_cryp.o(i.CRYP_Init) for CRYP_Init
    stm32f4xx_cryp_aes.o(i.CRYP_AES_CCM) refers to stm32f4xx_cryp.o(i.CRYP_PhaseConfig) for CRYP_PhaseConfig
    stm32f4xx_cryp_aes.o(i.CRYP_AES_CCM) refers to stm32f4xx_cryp.o(i.CRYP_DataIn) for CRYP_DataIn
    stm32f4xx_cryp_aes.o(i.CRYP_AES_CCM) refers to stm32f4xx_cryp.o(i.CRYP_Cmd) for CRYP_Cmd
    stm32f4xx_cryp_aes.o(i.CRYP_AES_CCM) refers to stm32f4xx_cryp.o(i.CRYP_GetCmdStatus) for CRYP_GetCmdStatus
    stm32f4xx_cryp_aes.o(i.CRYP_AES_CCM) refers to stm32f4xx_cryp.o(i.CRYP_GetFlagStatus) for CRYP_GetFlagStatus
    stm32f4xx_cryp_aes.o(i.CRYP_AES_CCM) refers to stm32f4xx_cryp.o(i.CRYP_DataOut) for CRYP_DataOut
    stm32f4xx_cryp_aes.o(i.CRYP_AES_CTR) refers to stm32f4xx_cryp.o(i.CRYP_KeyStructInit) for CRYP_KeyStructInit
    stm32f4xx_cryp_aes.o(i.CRYP_AES_CTR) refers to stm32f4xx_cryp.o(i.CRYP_KeyInit) for CRYP_KeyInit
    stm32f4xx_cryp_aes.o(i.CRYP_AES_CTR) refers to stm32f4xx_cryp.o(i.CRYP_Init) for CRYP_Init
    stm32f4xx_cryp_aes.o(i.CRYP_AES_CTR) refers to stm32f4xx_cryp.o(i.CRYP_IVInit) for CRYP_IVInit
[...]
    ../clib/microlib/printf/printf.c         0x00000000   Number         0  printf8.o ABSOLUTE
    ../clib/microlib/printf/printf.c         0x00000000   Number         0  printfa.o ABSOLUTE
    ../clib/microlib/printf/printf.c         0x00000000   Number         0  printf0.o ABSOLUTE
    ../clib/microlib/printf/printf.c         0x00000000   Number         0  printf1.o ABSOLUTE
    ../clib/microlib/printf/printf.c         0x00000000   Number         0  printf2.o ABSOLUTE
    ../clib/microlib/printf/printf.c         0x00000000   Number         0  printf3.o ABSOLUTE
    ../clib/microlib/printf/printf.c         0x00000000   Number         0  printf4.o ABSOLUTE
    ../clib/microlib/printf/printf.c         0x00000000   Number         0  printf7.o ABSOLUTE
    ../clib/microlib/printf/stubs.s          0x00000000   Number         0  stubs.o ABSOLUTE
    ../clib/microlib/string/memcpy.c         0x00000000   Number         0  memcpya.o ABSOLUTE
    ../clib/microlib/string/memcpy.c         0x00000000   Number         0  memcpyb.o ABSOLUTE
    ../clib/microlib/string/strlen.c         0x00000000   Number         0  strlen.o ABSOLUTE
    ../clib/microlib/stubs.s                 0x00000000   Number         0  useno.o ABSOLUTE
    ../clib/microlib/stubs.s                 0x00000000   Number         0  iusefp.o ABSOLUTE
    ../fplib/microlib/f2d.c                  0x00000000   Number         0  f2d.o ABSOLUTE
    ../fplib/microlib/fpadd.c                0x00000000   Number         0  dadd.o ABSOLUTE
    ../fplib/microlib/fpdiv.c                0x00000000   Number         0  ddiv.o ABSOLUTE
    ../fplib/microlib/fpepilogue.c           0x00000000   Number         0  depilogue.o ABSOLUTE
    ../fplib/microlib/fpfix.c                0x00000000   Number         0  dfixi.o ABSOLUTE
    ../fplib/microlib/fpfix.c                0x00000000   Number         0  dfixul.o ABSOLUTE
    ../fplib/microlib/fpfix.c                0x00000000   Number         0  dfixui.o ABSOLUTE
    ../fplib/microlib/fpflt.c                0x00000000   Number         0  dfltui.o ABSOLUTE
    ../fplib/microlib/fpflt.c                0x00000000   Number         0  dflti.o ABSOLUTE
    ../fplib/microlib/fpmul.c                0x00000000   Number         0  dmul.o ABSOLUTE
    ../fplib/microlib/fpsqrt.c               0x00000000   Number         0  dsqrt.o ABSOLUTE
    ../mathlib/sqrt.c                        0x00000000   Number         0  sqrt.o ABSOLUTE
    ../mathlib/sqrt.c                        0x00000000   Number         0  sqrt_x.o ABSOLUTE
    ..\..\HARDWARE\GBK_LibDrive\GBK_LibDrive.c 0x00000000   Number         0  gbk_libdrive.o ABSOLUTE
    ..\..\HARDWARE\KEY\key.c                 0x00000000   Number         0  key.o ABSOLUTE
    ..\..\HARDWARE\LCD\Dis_Picture.c         0x00000000   Number         0  dis_picture.o ABSOLUTE
    ..\..\HARDWARE\LCD\FONT.c                0x00000000   Number         0  font.o ABSOLUTE
    ..\..\HARDWARE\LCD\Picture.c             0x00000000   Number         0  picture.o ABSOLUTE
    ..\..\HARDWARE\LCD\Text.c                0x00000000   Number         0  text.o ABSOLUTE
    ..\..\HARDWARE\LCD\lcd.c                 0x00000000   Number         0  lcd.o ABSOLUTE
    ..\..\HARDWARE\LED\led.c                 0x00000000   Number         0  led.o ABSOLUTE
    ..\..\HARDWARE\SDIO\sdio_sdcard.c        0x00000000   Number         0  sdio_sdcard.o ABSOLUTE
    ..\..\HARDWARE\SPI\spi.c                 0x00000000   Number         0  spi.o ABSOLUTE
    ..\..\HARDWARE\TOUCH\touch.c             0x00000000   Number         0  touch.o ABSOLUTE
    ..\..\HARDWARE\W25QXX\w25qxx.c           0x00000000   Number         0  w25qxx.o ABSOLUTE
    ..\..\Libraries\CMSIS\Device\ST\STM32F4xx\Source\Templates\arm\startup_stm32f40xx.s 0x00000000   Number         0  startup_stm32f40xx.o ABSOLUTE
    ..\..\Libraries\CMSIS\Device\ST\STM32F4xx\Source\Templates\system_stm32f4xx.c 0x00000000   Number         0  system_stm32f4xx.o ABSOLUTE
    ..\..\Libraries\STM32F4xx_StdPeriph_Driver\src\misc.c 0x00000000   Number         0  misc.o ABSOLUTE
    ..\..\Libraries\STM32F4xx_StdPeriph_Driver\src\stm32f4xx_adc.c 0x00000000   Number         0  stm32f4xx_adc.o ABSOLUTE
    ..\..\Libraries\STM32F4xx_StdPeriph_Driver\src\stm32f4xx_can.c 0x00000000   Number         0  stm32f4xx_can.o ABSOLUTE
    ..\..\Libraries\STM32F4xx_StdPeriph_Driver\src\stm32f4xx_cec.c 0x00000000   Number         0  stm32f4xx_cec.o ABSOLUTE
    ..\..\Libraries\STM32F4xx_StdPeriph_Driver\src\stm32f4xx_crc.c 0x00000000   Number         0  stm32f4xx_crc.o ABSOLUTE
    ..\..\Libraries\STM32F4xx_StdPeriph_Driver\src\stm32f4xx_cryp.c 0x00000000   Number         0  stm32f4xx_cryp.o ABSOLUTE
    ..\..\Libraries\STM32F4xx_StdPeriph_Driver\src\stm32f4xx_cryp_aes.c 0x00000000   Number         0  stm32f4xx_cryp_aes.o ABSOLUTE
    ..\..\Libraries\STM32F4xx_StdPeriph_Driver\src\stm32f4xx_cryp_des.c 0x00000000   Number         0  stm32f4xx_cryp_des.o ABSOLUTE
    ..\..\Libraries\STM32F4xx_StdPeriph_Driver\src\stm32f4xx_cryp_tdes.c 0x00000000   Number         0  stm32f4xx_cryp_tdes.o ABSOLUTE
    ..\..\Libraries\STM32F4xx_StdPeriph_Driver\src\stm32f4xx_dac.c 0x00000000   Number         0  stm32f4xx_dac.o ABSOLUTE
    ..\..\Libraries\STM32F4xx_StdPeriph_Driver\src\stm32f4xx_dbgmcu.c 0x00000000   Number         0  stm32f4xx_dbgmcu.o ABSOLUTE
    ..\..\Libraries\STM32F4xx_StdPeriph_Driver\src\stm32f4xx_dcmi.c 0x00000000   Number         0  stm32f4xx_dcmi.o ABSOLUTE
    ..\..\Libraries\STM32F4xx_StdPeriph_Driver\src\stm32f4xx_dma.c 0x00000000   Number         0  stm32f4xx_dma.o ABSOLUTE
    ..\..\Libraries\STM32F4xx_StdPeriph_Driver\src\stm32f4xx_exti.c 0x00000000   Number         0  stm32f4xx_exti.o ABSOLUTE
    ..\..\Libraries\STM32F4xx_StdPeriph_Driver\src\stm32f4xx_flash.c 0x00000000   Number         0  stm32f4xx_flash.o ABSOLUTE
    ..\..\Libraries\STM32F4xx_StdPeriph_Driver\src\stm32f4xx_flash_ramfunc.c 0x00000000   Number         0  stm32f4xx_flash_ramfunc.o ABSOLUTE
    ..\..\Libraries\STM32F4xx_StdPeriph_Driver\src\stm32f4xx_fmpi2c.c 0x00000000   Number         0  stm32f4xx_fmpi2c.o ABSOLUTE
    ..\..\Libraries\STM32F4xx_StdPeriph_Driver\src\stm32f4xx_fsmc.c 0x00000000   Number         0  stm32f4xx_fsmc.o ABSOLUTE
    ..\..\Libraries\STM32F4xx_StdPeriph_Driver\src\stm32f4xx_gpio.c 0x00000000   Number         0  stm32f4xx_gpio.o ABSOLUTE
    ..\..\Libraries\STM32F4xx_StdPeriph_Driver\src\stm32f4xx_hash.c 0x00000000   Number         0  stm32f4xx_hash.o ABSOLUTE
    ..\..\Libraries\STM32F4xx_StdPeriph_Driver\src\stm32f4xx_hash_md5.c 0x00000000   Number         0  stm32f4xx_hash_md5.o ABSOLUTE
    ..\..\Libraries\STM32F4xx_StdPeriph_Driver\src\stm32f4xx_hash_sha1.c 0x00000000   Number         0  stm32f4xx_hash_sha1.o ABSOLUTE
    ..\..\Libraries\STM32F4xx_StdPeriph_Driver\src\stm32f4xx_i2c.c 0x00000000   Number         0  stm32f4xx_i2c.o ABSOLUTE
    ..\..\Libraries\STM32F4xx_StdPeriph_Driver\src\stm32f4xx_iwdg.c 0x00000000   Number         0  stm32f4xx_iwdg.o ABSOLUTE
    ..\..\Libraries\STM32F4xx_StdPeriph_Driver\src\stm32f4xx_pwr.c 0x00000000   Number         0  stm32f4xx_pwr.o ABSOLUTE
    ..\..\Libraries\STM32F4xx_StdPeriph_Driver\src\stm32f4xx_qspi.c 0x00000000   Number         0  stm32f4xx_qspi.o ABSOLUTE
    ..\..\Libraries\STM32F4xx_StdPeriph_Driver\src\stm32f4xx_rcc.c 0x00000000   Number         0  stm32f4xx_rcc.o ABSOLUTE
    ..\..\Libraries\STM32F4xx_StdPeriph_Driver\src\stm32f4xx_rng.c 0x00000000   Number         0  stm32f4xx_rng.o ABSOLUTE
    ..\..\Libraries\STM32F4xx_StdPeriph_Driver\src\stm32f4xx_rtc.c 0x00000000   Number         0  stm32f4xx_rtc.o ABSOLUTE
    ..\..\Libraries\STM32F4xx_StdPeriph_Driver\src\stm32f4xx_sai.c 0x00000000   Number         0  stm32f4xx_sai.o ABSOLUTE
    ..\..\Libraries\STM32F4xx_StdPeriph_Driver\src\stm32f4xx_sdio.c 0x00000000   Number         0  stm32f4xx_sdio.o ABSOLUTE
    ..\..\Libraries\STM32F4xx_StdPeriph_Driver\src\stm32f4xx_spdifrx.c 0x00000000   Number         0  stm32f4xx_spdifrx.o ABSOLUTE
    ..\..\Libraries\STM32F4xx_StdPeriph_Driver\src\stm32f4xx_spi.c 0x00000000   Number         0  stm32f4xx_spi.o ABSOLUTE
    ..\..\Libraries\STM32F4xx_StdPeriph_Driver\src\stm32f4xx_syscfg.c 0x00000000   Number         0  stm32f4xx_syscfg.o ABSOLUTE
    ..\..\Libraries\STM32F4xx_StdPeriph_Driver\src\stm32f4xx_tim.c 0x00000000   Number         0  stm32f4xx_tim.o ABSOLUTE
    ..\..\Libraries\STM32F4xx_StdPeriph_Driver\src\stm32f4xx_usart.c 0x00000000   Number         0  stm32f4xx_usart.o ABSOLUTE
    ..\..\Libraries\STM32F4xx_StdPeriph_Driver\src\stm32f4xx_wwdg.c 0x00000000   Number         0  stm32f4xx_wwdg.o ABSOLUTE
    ..\..\SYSTEM\delay\delay.c               0x00000000   Number         0  delay.o ABSOLUTE
    ..\..\SYSTEM\sys\sys.c                   0x00000000   Number         0  sys.o ABSOLUTE
    ..\..\SYSTEM\usart\usart.c               0x00000000   Number         0  usart.o ABSOLUTE
    ..\..\User\GPIO\bsp_gpio.c               0x00000000   Number         0  bsp_gpio.o ABSOLUTE
    ..\..\User\adc\bsp_adc.c                 0x00000000   Number         0  bsp_adc.o ABSOLUTE
    ..\..\User\main.c                        0x00000000   Number         0  main.o ABSOLUTE
    ..\..\User\stm32f4xx_it.c                0x00000000   Number         0  stm32f4xx_it.o ABSOLUTE
    ..\..\User\tim\bsp_advance_tim.c         0x00000000   Number         0  bsp_advance_tim.o ABSOLUTE
    ..\\..\\HARDWARE\\GBK_LibDrive\\GBK_LibDrive.c 0x00000000   Number         0  gbk_libdrive.o ABSOLUTE
    ..\\..\\HARDWARE\\KEY\\key.c             0x00000000   Number         0  key.o ABSOLUTE
    ..\\..\\HARDWARE\\LCD\\Dis_Picture.c     0x00000000   Number         0  dis_picture.o ABSOLUTE
    ..\\..\\HARDWARE\\LCD\\Picture.c         0x00000000   Number         0  picture.o ABSOLUTE
    ..\\..\\HARDWARE\\LCD\\Text.c            0x00000000   Number         0  text.o ABSOLUTE
    ..\\..\\HARDWARE\\LCD\\lcd.c             0x00000000   Number         0  lcd.o ABSOLUTE
    ..\\..\\HARDWARE\\LED\\led.c             0x00000000   Number         0  led.o ABSOLUTE
    ..\\..\\HARDWARE\\SDIO\\sdio_sdcard.c    0x00000000   Number         0  sdio_sdcard.o ABSOLUTE
    ..\\..\\HARDWARE\\SPI\\spi.c             0x00000000   Number         0  spi.o ABSOLUTE
    ..\\..\\HARDWARE\\TOUCH\\touch.c         0x00000000   Number         0  touch.o ABSOLUTE
    ..\\..\\HARDWARE\\W25QXX\\w25qxx.c       0x00000000   Number         0  w25qxx.o ABSOLUTE
    ..\\..\\Libraries\\CMSIS\\Device\\ST\\STM32F4xx\\Source\\Templates\\system_stm32f4xx.c 0x00000000   Number         0  system_stm32f4xx.o ABSOLUTE
    ..\\..\\Libraries\\STM32F4xx_StdPeriph_Driver\\src\\misc.c 0x00000000   Number         0  misc.o ABSOLUTE
    ..\\..\\Libraries\\STM32F4xx_StdPeriph_Driver\\src\\stm32f4xx_adc.c 0x00000000   Number         0  stm32f4xx_adc.o ABSOLUTE
    ..\\..\\Libraries\\STM32F4xx_StdPeriph_Driver\\src\\stm32f4xx_can.c 0x00000000   Number         0  stm32f4xx_can.o ABSOLUTE
    ..\\..\\Libraries\\STM32F4xx_StdPeriph_Driver\\src\\stm32f4xx_cec.c 0x00000000   Number         0  stm32f4xx_cec.o ABSOLUTE
    ..\\..\\Libraries\\STM32F4xx_StdPeriph_Driver\\src\\stm32f4xx_crc.c 0x00000000   Number         0  stm32f4xx_crc.o ABSOLUTE
    ..\\..\\Libraries\\STM32F4xx_StdPeriph_Driver\\src\\stm32f4xx_cryp.c 0x00000000   Number         0  stm32f4xx_cryp.o ABSOLUTE
    ..\\..\\Libraries\\STM32F4xx_StdPeriph_Driver\\src\\stm32f4xx_cryp_aes.c 0x00000000   Number         0  stm32f4xx_cryp_aes.o ABSOLUTE
    ..\\..\\Libraries\\STM32F4xx_StdPeriph_Driver\\src\\stm32f4xx_cryp_des.c 0x00000000   Number         0  stm32f4xx_cryp_des.o ABSOLUTE
    ..\\..\\Libraries\\STM32F4xx_StdPeriph_Driver\\src\\stm32f4xx_cryp_tdes.c 0x00000000   Number         0  stm32f4xx_cryp_tdes.o ABSOLUTE
    ..\\..\\Libraries\\STM32F4xx_StdPeriph_Driver\\src\\stm32f4xx_dac.c 0x00000000   Number         0  stm32f4xx_dac.o ABSOLUTE
    ..\\..\\Libraries\\STM32F4xx_StdPeriph_Driver\\src\\stm32f4xx_dbgmcu.c 0x00000000   Number         0  stm32f4xx_dbgmcu.o ABSOLUTE
    ..\\..\\Libraries\\STM32F4xx_StdPeriph_Driver\\src\\stm32f4xx_dcmi.c 0x00000000   Number         0  stm32f4xx_dcmi.o ABSOLUTE
    ..\\..\\Libraries\\STM32F4xx_StdPeriph_Driver\\src\\stm32f4xx_dma.c 0x00000000   Number         0  stm32f4xx_dma.o ABSOLUTE
    ..\\..\\Libraries\\STM32F4xx_StdPeriph_Driver\\src\\stm32f4xx_exti.c 0x00000000   Number         0  stm32f4xx_exti.o ABSOLUTE
    ..\\..\\Libraries\\STM32F4xx_StdPeriph_Driver\\src\\stm32f4xx_flash.c 0x00000000   Number         0  stm32f4xx_flash.o ABSOLUTE
    ..\\..\\Libraries\\STM32F4xx_StdPeriph_Driver\\src\\stm32f4xx_flash_ramfunc.c 0x00000000   Number         0  stm32f4xx_flash_ramfunc.o ABSOLUTE
    ..\\..\\Libraries\\STM32F4xx_StdPeriph_Driver\\src\\stm32f4xx_fmpi2c.c 0x00000000   Number         0  stm32f4xx_fmpi2c.o ABSOLUTE
    ..\\..\\Libraries\\STM32F4xx_StdPeriph_Driver\\src\\stm32f4xx_fsmc.c 0x00000000   Number         0  stm32f4xx_fsmc.o ABSOLUTE
    ..\\..\\Libraries\\STM32F4xx_StdPeriph_Driver\\src\\stm32f4xx_gpio.c 0x00000000   Number         0  stm32f4xx_gpio.o ABSOLUTE
    ..\\..\\Libraries\\STM32F4xx_StdPeriph_Driver\\src\\stm32f4xx_hash.c 0x00000000   Number         0  stm32f4xx_hash.o ABSOLUTE
    ..\\..\\Libraries\\STM32F4xx_StdPeriph_Driver\\src\\stm32f4xx_hash_md5.c 0x00000000   Number         0  stm32f4xx_hash_md5.o ABSOLUTE
    ..\\..\\Libraries\\STM32F4xx_StdPeriph_Driver\\src\\stm32f4xx_hash_sha1.c 0x00000000   Number         0  stm32f4xx_hash_sha1.o ABSOLUTE
    ..\\..\\Libraries\\STM32F4xx_StdPeriph_Driver\\src\\stm32f4xx_i2c.c 0x00000000   Number         0  stm32f4xx_i2c.o ABSOLUTE
    ..\\..\\Libraries\\STM32F4xx_StdPeriph_Driver\\src\\stm32f4xx_iwdg.c 0x00000000   Number         0  stm32f4xx_iwdg.o ABSOLUTE
    ..\\..\\Libraries\\STM32F4xx_StdPeriph_Driver\\src\\stm32f4xx_pwr.c 0x00000000   Number         0  stm32f4xx_pwr.o ABSOLUTE
    ..\\..\\Libraries\\STM32F4xx_StdPeriph_Driver\\src\\stm32f4xx_qspi.c 0x00000000   Number         0  stm32f4xx_qspi.o ABSOLUTE
    ..\\..\\Libraries\\STM32F4xx_StdPeriph_Driver\\src\\stm32f4xx_rcc.c 0x00000000   Number         0  stm32f4xx_rcc.o ABSOLUTE
    ..\\..\\Libraries\\STM32F4xx_StdPeriph_Driver\\src\\stm32f4xx_rng.c 0x00000000   Number         0  stm32f4xx_rng.o ABSOLUTE
    ..\\..\\Libraries\\STM32F4xx_StdPeriph_Driver\\src\\stm32f4xx_rtc.c 0x00000000   Number         0  stm32f4xx_rtc.o ABSOLUTE
    ..\\..\\Libraries\\STM32F4xx_StdPeriph_Driver\\src\\stm32f4xx_sai.c 0x00000000   Number         0  stm32f4xx_sai.o ABSOLUTE
    ..\\..\\Libraries\\STM32F4xx_StdPeriph_Driver\\src\\stm32f4xx_sdio.c 0x00000000   Number         0  stm32f4xx_sdio.o ABSOLUTE
    ..\\..\\Libraries\\STM32F4xx_StdPeriph_Driver\\src\\stm32f4xx_spdifrx.c 0x00000000   Number         0  stm32f4xx_spdifrx.o ABSOLUTE
    ..\\..\\Libraries\\STM32F4xx_StdPeriph_Driver\\src\\stm32f4xx_spi.c 0x00000000   Number         0  stm32f4xx_spi.o ABSOLUTE
    ..\\..\\Libraries\\STM32F4xx_StdPeriph_Driver\\src\\stm32f4xx_syscfg.c 0x00000000   Number         0  stm32f4xx_syscfg.o ABSOLUTE
    ..\\..\\Libraries\\STM32F4xx_StdPeriph_Driver\\src\\stm32f4xx_tim.c 0x00000000   Number         0  stm32f4xx_tim.o ABSOLUTE
    ..\\..\\Libraries\\STM32F4xx_StdPeriph_Driver\\src\\stm32f4xx_usart.c 0x00000000   Number         0  stm32f4xx_usart.o ABSOLUTE
    ..\\..\\Libraries\\STM32F4xx_StdPeriph_Driver\\src\\stm32f4xx_wwdg.c 0x00000000   Number         0  stm32f4xx_wwdg.o ABSOLUTE
    ..\\..\\SYSTEM\\delay\\delay.c           0x00000000   Number         0  delay.o ABSOLUTE
    ..\\..\\SYSTEM\\sys\\sys.c               0x00000000   Number         0  sys.o ABSOLUTE
    ..\\..\\SYSTEM\\usart\\usart.c           0x00000000   Number         0  usart.o ABSOLUTE
    ..\\..\\User\\GPIO\\bsp_gpio.c           0x00000000   Number         0  bsp_gpio.o ABSOLUTE
    ..\\..\\User\\adc\\bsp_adc.c             0x00000000   Number         0  bsp_adc.o ABSOLUTE
    ..\\..\\User\\main.c                     0x00000000   Number         0  main.o ABSOLUTE
    ..\\..\\User\\stm32f4xx_it.c             0x00000000   Number         0  stm32f4xx_it.o ABSOLUTE
    ..\\..\\User\\tim\\bsp_advance_tim.c     0x00000000   Number         0  bsp_advance_tim.o ABSOLUTE
    cdcmple.s                                0x00000000   Number         0  cdcmple.o ABSOLUTE
    cdrcmple.s                               0x00000000   Number         0  cdrcmple.o ABSOLUTE
    dc.s                                     0x00000000   Number         0  dc.o ABSOLUTE
    handlers.s                               0x00000000   Number         0  handlers.o ABSOLUTE
    init.s                                   0x00000000   Number         0  init.o ABSOLUTE
    RESET                                    0x08000000   Section      392  startup_stm32f40xx.o(RESET)
    .ARM.Collect$$$$00000000                 0x08000188   Section        0  entry.o(.ARM.Collect$$$$00000000)
    .ARM.Collect$$$$00000001                 0x08000188   Section        4  entry2.o(.ARM.Collect$$$$00000001)
    .ARM.Collect$$$$00000004                 0x0800018c   Section        4  entry5.o(.ARM.Collect$$$$00000004)
    .ARM.Collect$$$$00000008                 0x08000190   Section        0  entry7b.o(.ARM.Collect$$$$00000008)
    .ARM.Collect$$$$0000000A                 0x08000190   Section        0  entry8b.o(.ARM.Collect$$$$0000000A)
    .ARM.Collect$$$$0000000B                 0x08000190   Section        8  entry9a.o(.ARM.Collect$$$$0000000B)
    .ARM.Collect$$$$0000000D                 0x08000198   Section        0  entry10a.o(.ARM.Collect$$$$0000000D)
    .ARM.Collect$$$$0000000F                 0x08000198   Section        0  entry11a.o(.ARM.Collect$$$$0000000F)
    .ARM.Collect$$$$00002712                 0x08000198   Section        4  entry2.o(.ARM.Collect$$$$00002712)
    __lit__00000000                          0x08000198   Data           4  entry2.o(.ARM.Collect$$$$00002712)
    .text                                    0x0800019c   Section       36  startup_stm32f40xx.o(.text)
    $v0                                      0x0800019c   Number         0  startup_stm32f40xx.o(.text)
    .text                                    0x080001c0   Section        0  dmul.o(.text)
    .text                                    0x080002a4   Section        0  ddiv.o(.text)
    .text                                    0x08000382   Section        0  dflti.o(.text)
    .text                                    0x080003a4   Section        0  dfltui.o(.text)
    .text                                    0x080003be   Section        0  dfixi.o(.text)
    .text                                    0x080003fc   Section        0  f2d.o(.text)
    .text                                    0x08000424   Section       48  cdcmple.o(.text)
    .text                                    0x08000454   Section       48  cdrcmple.o(.text)
    .text                                    0x08000484   Section        0  uidiv.o(.text)
    .text                                    0x080004b0   Section        0  uldiv.o(.text)
    .text                                    0x08000512   Section        0  llushr.o(.text)
    .text                                    0x08000532   Section        0  depilogue.o(.text)
    .text                                    0x08000532   Section        0  iusefp.o(.text)
    .text                                    0x080005ec   Section        0  dadd.o(.text)
    .text                                    0x0800073a   Section        0  dfixul.o(.text)
    .text                                    0x0800076c   Section       36  init.o(.text)
    .text                                    0x08000790   Section        0  llshl.o(.text)
    .text                                    0x080007ae   Section        0  llsshr.o(.text)
    i.ADC_Cmd                                0x080007d2   Section        0  stm32f4xx_adc.o(i.ADC_Cmd)
    i.ADC_CommonInit                         0x080007e8   Section        0  stm32f4xx_adc.o(i.ADC_CommonInit)
    i.ADC_DMACmd                             0x08000818   Section        0  stm32f4xx_adc.o(i.ADC_DMACmd)
    i.ADC_DMARequestAfterLastTransferCmd     0x0800082e   Section        0  stm32f4xx_adc.o(i.ADC_DMARequestAfterLastTransferCmd)
    i.ADC_Init                               0x08000844   Section        0  stm32f4xx_adc.o(i.ADC_Init)
    i.ADC_RegularChannelConfig               0x08000898   Section        0  stm32f4xx_adc.o(i.ADC_RegularChannelConfig)
    i.ADC_SoftwareStartConv                  0x08000950   Section        0  stm32f4xx_adc.o(i.ADC_SoftwareStartConv)
    i.ADC_StructInit                         0x0800095a   Section        0  stm32f4xx_adc.o(i.ADC_StructInit)
    i.BusFault_Handler                       0x0800096e   Section        0  stm32f4xx_it.o(i.BusFault_Handler)
    i.Change_range                           0x08000974   Section        0  main.o(i.Change_range)
    i.CmdResp1Error                          0x08000ab0   Section        0  sdio_sdcard.o(i.CmdResp1Error)
    i.Copy_HZK16                             0x08000b14   Section        0  text.o(i.Copy_HZK16)
    i.Copy_HZK24                             0x08000b64   Section        0  text.o(i.Copy_HZK24)
    i.Copy_Mem                               0x08000bc0   Section        0  text.o(i.Copy_Mem)
    i.DMA_Cmd                                0x08000bd6   Section        0  stm32f4xx_dma.o(i.DMA_Cmd)
    i.DMA_Init                               0x08000bec   Section        0  stm32f4xx_dma.o(i.DMA_Init)
    i.DebugMon_Handler                       0x08000c44   Section        0  stm32f4xx_it.o(i.DebugMon_Handler)
    i.Draw_Font24B                           0x08000c48   Section        0  text.o(i.Draw_Font24B)
    i.FSMC_NORSRAMCmd                        0x08000c88   Section        0  stm32f4xx_fsmc.o(i.FSMC_NORSRAMCmd)
    i.FSMC_NORSRAMInit                       0x08000cbc   Section        0  stm32f4xx_fsmc.o(i.FSMC_NORSRAMInit)
    i.GBK_Lib_Init                           0x08000de0   Section        0  gbk_libdrive.o(i.GBK_Lib_Init)
    i.GPIO_Config                            0x08000e5c   Section        0  bsp_gpio.o(i.GPIO_Config)
    i.GPIO_Init                              0x08000ef8   Section        0  stm32f4xx_gpio.o(i.GPIO_Init)
    i.GPIO_PinAFConfig                       0x08000f88   Section        0  stm32f4xx_gpio.o(i.GPIO_PinAFConfig)
    i.GPIO_ResetBits                         0x08000fce   Section        0  stm32f4xx_gpio.o(i.GPIO_ResetBits)
    i.GPIO_SetBits                           0x08000fd2   Section        0  stm32f4xx_gpio.o(i.GPIO_SetBits)
    i.Get_HzMat                              0x08000fd6   Section        0  text.o(i.Get_HzMat)
    i.HardFault_Handler                      0x0800104e   Section        0  stm32f4xx_it.o(i.HardFault_Handler)
    i.LCD_Clear                              0x08001054   Section        0  lcd.o(i.LCD_Clear)
    i.LCD_Display_Dir                        0x08001098   Section        0  lcd.o(i.LCD_Display_Dir)
    i.LCD_Fast_DrawPoint                     0x08001154   Section        0  lcd.o(i.LCD_Fast_DrawPoint)
    i.LCD_Init                               0x080011a8   Section        0  lcd.o(i.LCD_Init)
    i.LCD_RD_DATA                            0x0800169c   Section        0  lcd.o(i.LCD_RD_DATA)
    i.LCD_ReadReg                            0x080016b0   Section        0  lcd.o(i.LCD_ReadReg)
    i.LCD_Scan_Dir                           0x080016c8   Section        0  lcd.o(i.LCD_Scan_Dir)
    i.LCD_SetCursor                          0x08001788   Section        0  lcd.o(i.LCD_SetCursor)
    i.LCD_Set_Window                         0x080017c8   Section        0  lcd.o(i.LCD_Set_Window)
    i.LCD_ShowChar                           0x0800182c   Section        0  lcd.o(i.LCD_ShowChar)
    i.LCD_WR_DATA                            0x08001964   Section        0  lcd.o(i.LCD_WR_DATA)
    i.LCD_WR_REG                             0x08001970   Section        0  lcd.o(i.LCD_WR_REG)
    i.LCD_WriteRAM_Prepare                   0x0800197c   Section        0  lcd.o(i.LCD_WriteRAM_Prepare)
    i.LCD_WriteReg                           0x08001990   Section        0  lcd.o(i.LCD_WriteReg)
    i.LED_Init                               0x080019a4   Section        0  led.o(i.LED_Init)
    i.Mea_C                                  0x080019e4   Section        0  main.o(i.Mea_C)
    i.Mea_R                                  0x08001b6c   Section        0  main.o(i.Mea_R)
    i.MemManage_Handler                      0x08001d9c   Section        0  stm32f4xx_it.o(i.MemManage_Handler)
    i.NMI_Handler                            0x08001da0   Section        0  stm32f4xx_it.o(i.NMI_Handler)
    i.NVIC_Init                              0x08001da4   Section        0  misc.o(i.NVIC_Init)
    i.NVIC_PriorityGroupConfig               0x08001e1c   Section        0  misc.o(i.NVIC_PriorityGroupConfig)
    i.PendSV_Handler                         0x08001e30   Section        0  stm32f4xx_it.o(i.PendSV_Handler)
    i.RCC_AHB1PeriphClockCmd                 0x08001e34   Section        0  stm32f4xx_rcc.o(i.RCC_AHB1PeriphClockCmd)
    i.RCC_AHB3PeriphClockCmd                 0x08001e54   Section        0  stm32f4xx_rcc.o(i.RCC_AHB3PeriphClockCmd)
    i.RCC_APB1PeriphClockCmd                 0x08001e74   Section        0  stm32f4xx_rcc.o(i.RCC_APB1PeriphClockCmd)
    i.RCC_APB2PeriphClockCmd                 0x08001e94   Section        0  stm32f4xx_rcc.o(i.RCC_APB2PeriphClockCmd)
    i.RCC_GetClocksFreq                      0x08001eb4   Section        0  stm32f4xx_rcc.o(i.RCC_GetClocksFreq)
    i.Rheostat_ADC_GPIO_Config               0x08001f9c   Section        0  bsp_adc.o(i.Rheostat_ADC_GPIO_Config)
    Rheostat_ADC_GPIO_Config                 0x08001f9d   Thumb Code   100  bsp_adc.o(i.Rheostat_ADC_GPIO_Config)
    i.Rheostat_ADC_Mode_Config               0x08002008   Section        0  bsp_adc.o(i.Rheostat_ADC_Mode_Config)
    Rheostat_ADC_Mode_Config                 0x08002009   Thumb Code   248  bsp_adc.o(i.Rheostat_ADC_Mode_Config)
    i.Rheostat_Init                          0x0800210c   Section        0  bsp_adc.o(i.Rheostat_Init)
    i.SDIO_ClearFlag                         0x08002118   Section        0  stm32f4xx_sdio.o(i.SDIO_ClearFlag)
    i.SDIO_GetFlagStatus                     0x08002124   Section        0  stm32f4xx_sdio.o(i.SDIO_GetFlagStatus)
    i.SDIO_IRQHandler                        0x0800213c   Section        0  sdio_sdcard.o(i.SDIO_IRQHandler)
    i.SDIO_SendCommand                       0x08002144   Section        0  stm32f4xx_sdio.o(i.SDIO_SendCommand)
    i.SD_ProcessIRQSrc                       0x08002170   Section        0  sdio_sdcard.o(i.SD_ProcessIRQSrc)
    i.SVC_Handler                            0x080022c4   Section        0  stm32f4xx_it.o(i.SVC_Handler)
    i.SetSysClock                            0x080022c8   Section        0  system_stm32f4xx.o(i.SetSysClock)
    SetSysClock                              0x080022c9   Thumb Code   220  system_stm32f4xx.o(i.SetSysClock)
    i.Show_C                                 0x080023b4   Section        0  main.o(i.Show_C)
    i.Show_Font                              0x08002704   Section        0  text.o(i.Show_Font)
    i.Show_R                                 0x080027c8   Section        0  main.o(i.Show_R)
    i.Show_Str                               0x08002b18   Section        0  text.o(i.Show_Str)
    i.SysTick_CLKSourceConfig                0x08002bde   Section        0  misc.o(i.SysTick_CLKSourceConfig)
    i.SysTick_Handler                        0x08002c06   Section        0  stm32f4xx_it.o(i.SysTick_Handler)
    i.SystemInit                             0x08002c08   Section        0  system_stm32f4xx.o(i.SystemInit)
    i.TI1_Config                             0x08002c70   Section        0  stm32f4xx_tim.o(i.TI1_Config)
    TI1_Config                               0x08002c71   Thumb Code    58  stm32f4xx_tim.o(i.TI1_Config)
    i.TI2_Config                             0x08002caa   Section        0  stm32f4xx_tim.o(i.TI2_Config)
    TI2_Config                               0x08002cab   Thumb Code    80  stm32f4xx_tim.o(i.TI2_Config)
    i.TIM8_CC_IRQHandler                     0x08002cfc   Section        0  stm32f4xx_it.o(i.TIM8_CC_IRQHandler)
    i.TIM_ClearITPendingBit                  0x08002d28   Section        0  stm32f4xx_tim.o(i.TIM_ClearITPendingBit)
    i.TIM_Cmd                                0x08002d2e   Section        0  stm32f4xx_tim.o(i.TIM_Cmd)
    i.TIM_GetCapture1                        0x08002d46   Section        0  stm32f4xx_tim.o(i.TIM_GetCapture1)
    i.TIM_GetCapture2                        0x08002d4c   Section        0  stm32f4xx_tim.o(i.TIM_GetCapture2)
    i.TIM_ITConfig                           0x08002d52   Section        0  stm32f4xx_tim.o(i.TIM_ITConfig)
    i.TIM_OC1Init                            0x08002d64   Section        0  stm32f4xx_tim.o(i.TIM_OC1Init)
    i.TIM_OC1PreloadConfig                   0x08002de0   Section        0  stm32f4xx_tim.o(i.TIM_OC1PreloadConfig)
    i.TIM_PWMIConfig                         0x08002df2   Section        0  stm32f4xx_tim.o(i.TIM_PWMIConfig)
    i.TIM_PWMINPUT_Config                    0x08002e70   Section        0  bsp_advance_tim.o(i.TIM_PWMINPUT_Config)
    TIM_PWMINPUT_Config                      0x08002e71   Thumb Code   154  bsp_advance_tim.o(i.TIM_PWMINPUT_Config)
    i.TIM_PWMOUTPUT_Config                   0x08002f10   Section        0  bsp_advance_tim.o(i.TIM_PWMOUTPUT_Config)
    TIM_PWMOUTPUT_Config                     0x08002f11   Thumb Code   100  bsp_advance_tim.o(i.TIM_PWMOUTPUT_Config)
    i.TIM_SelectInputTrigger                 0x08002f74   Section        0  stm32f4xx_tim.o(i.TIM_SelectInputTrigger)
    i.TIM_SelectMasterSlaveMode              0x08002f86   Section        0  stm32f4xx_tim.o(i.TIM_SelectMasterSlaveMode)
    i.TIM_SelectSlaveMode                    0x08002f98   Section        0  stm32f4xx_tim.o(i.TIM_SelectSlaveMode)
    i.TIM_SetIC1Prescaler                    0x08002faa   Section        0  stm32f4xx_tim.o(i.TIM_SetIC1Prescaler)
    i.TIM_SetIC2Prescaler                    0x08002fbc   Section        0  stm32f4xx_tim.o(i.TIM_SetIC2Prescaler)
    i.TIM_TimeBaseInit                       0x08002fd8   Section        0  stm32f4xx_tim.o(i.TIM_TimeBaseInit)
    i.TIMx_Configuration                     0x0800305c   Section        0  bsp_advance_tim.o(i.TIMx_Configuration)
    i.TIMx_GPIO_Config                       0x08003070   Section        0  bsp_advance_tim.o(i.TIMx_GPIO_Config)
    TIMx_GPIO_Config                         0x08003071   Thumb Code    86  bsp_advance_tim.o(i.TIMx_GPIO_Config)
    i.TIMx_NVIC_Configuration                0x080030d0   Section        0  bsp_advance_tim.o(i.TIMx_NVIC_Configuration)
    TIMx_NVIC_Configuration                  0x080030d1   Thumb Code    42  bsp_advance_tim.o(i.TIMx_NVIC_Configuration)
    i.USART1_IRQHandler                      0x080030fc   Section        0  usart.o(i.USART1_IRQHandler)
    i.USART_ClearFlag                        0x08003184   Section        0  stm32f4xx_usart.o(i.USART_ClearFlag)
    i.USART_Cmd                              0x08003196   Section        0  stm32f4xx_usart.o(i.USART_Cmd)
    i.USART_GetITStatus                      0x080031ae   Section        0  stm32f4xx_usart.o(i.USART_GetITStatus)
    i.USART_ITConfig                         0x08003202   Section        0  stm32f4xx_usart.o(i.USART_ITConfig)
    i.USART_Init                             0x0800324c   Section        0  stm32f4xx_usart.o(i.USART_Init)
    i.USART_ReceiveData                      0x08003320   Section        0  stm32f4xx_usart.o(i.USART_ReceiveData)
    i.UsageFault_Handler                     0x0800332a   Section        0  stm32f4xx_it.o(i.UsageFault_Handler)
    i.__0printf                              0x08003330   Section        0  printfa.o(i.__0printf)
    i.__scatterload_copy                     0x08003350   Section       14  handlers.o(i.__scatterload_copy)
    i.__scatterload_null                     0x0800335e   Section        2  handlers.o(i.__scatterload_null)
    i.__scatterload_zeroinit                 0x08003360   Section       14  handlers.o(i.__scatterload_zeroinit)
    i._fp_digits                             0x08003370   Section        0  printfa.o(i._fp_digits)
    _fp_digits                               0x08003371   Thumb Code   366  printfa.o(i._fp_digits)
    i._printf_core                           0x080034f4   Section        0  printfa.o(i._printf_core)
    _printf_core                             0x080034f5   Thumb Code  1744  printfa.o(i._printf_core)
    i._printf_post_padding                   0x08003bd0   Section        0  printfa.o(i._printf_post_padding)
    _printf_post_padding                     0x08003bd1   Thumb Code    36  printfa.o(i._printf_post_padding)
    i._printf_pre_padding                    0x08003bf4   Section        0  printfa.o(i._printf_pre_padding)
    _printf_pre_padding                      0x08003bf5   Thumb Code    46  printfa.o(i._printf_pre_padding)
    i.delay_init                             0x08003c24   Section        0  delay.o(i.delay_init)
    i.delay_ms                               0x08003c60   Section        0  delay.o(i.delay_ms)
    i.delay_us                               0x08003c98   Section        0  delay.o(i.delay_us)
    i.delay_xms                              0x08003ce4   Section        0  delay.o(i.delay_xms)
    i.fputc                                  0x08003d30   Section        0  usart.o(i.fputc)
    i.get_F_C                                0x08003d4c   Section        0  main.o(i.get_F_C)
    i.main                                   0x08003dc4   Section        0  main.o(i.main)
    i.switch_1                               0x08003ff8   Section        0  main.o(i.switch_1)
    i.switch_2                               0x08004050   Section        0  main.o(i.switch_2)
    i.switch_3                               0x080040a8   Section        0  main.o(i.switch_3)
    i.switch_4                               0x08004100   Section        0  main.o(i.switch_4)
    i.switch_5                               0x08004158   Section        0  main.o(i.switch_5)
    i.uart_init                              0x08004194   Section        0  usart.o(i.uart_init)
    .constdata                               0x08004248   Section     8826  font.o(.constdata)
    .data                                    0x20000000   Section       16  stm32f4xx_rcc.o(.data)
    APBAHBPrescTable                         0x20000000   Data          16  stm32f4xx_rcc.o(.data)
    .data                                    0x20000010   Section       45  main.o(.data)
    .data                                    0x20000040   Section       12  stm32f4xx_it.o(.data)
    .data                                    0x2000004c   Section        6  bsp_adc.o(.data)
    .data                                    0x20000052   Section        4  delay.o(.data)
    fac_us                                   0x20000052   Data           1  delay.o(.data)
    fac_ms                                   0x20000054   Data           2  delay.o(.data)
    .data                                    0x20000058   Section        6  usart.o(.data)
    .data                                    0x20000060   Section       16  sdio_sdcard.o(.data)
    CardType                                 0x20000060   Data           1  sdio_sdcard.o(.data)
    RCA                                      0x20000064   Data           4  sdio_sdcard.o(.data)
    DeviceMode                               0x20000068   Data           1  sdio_sdcard.o(.data)
    StopCondition                            0x20000069   Data           1  sdio_sdcard.o(.data)
    .data                                    0x20000070   Section        8  lcd.o(.data)
    .bss                                     0x20000078   Section       24  main.o(.bss)
    .bss                                     0x20000090   Section      200  usart.o(.bss)
    .bss                                     0x20000158   Section      704  sdio_sdcard.o(.bss)
    CSD_Tab                                  0x2000019c   Data          16  sdio_sdcard.o(.bss)
    CID_Tab                                  0x200001ac   Data          16  sdio_sdcard.o(.bss)
    .bss                                     0x20000418   Section       14  lcd.o(.bss)
    STACK                                    0x20000428   Section     1024  startup_stm32f40xx.o(STACK)

    Global Symbols

    Symbol Name                              Value     Ov Type        Size  Object(Section)

    BuildAttributes$$THM_ISAv4$E$P$D$K$B$S$7EM$VFPi3$EXTD16$VFPS$VFMA$PE$A:L22UL41UL21$X:L11$S22US41US21$IEEE1$IW$USESV6$~STKCKD$USESV7$~SHL$OTIME$ROPI$IEEEJ$EBA8$MICROLIB$REQ8$PRES8$EABIv2 0x00000000   Number         0  anon$$obj.o ABSOLUTE
    __ARM_use_no_argv                        0x00000000   Number         0  main.o ABSOLUTE
    __use_no_errno                           0x00000000   Number         0  useno.o ABSOLUTE
    __use_no_exception_handling              0x00000000   Number         0  useno.o ABSOLUTE
    __use_no_fp                              0x00000000   Number         0  useno.o ABSOLUTE
    __use_no_heap                            0x00000000   Number         0  useno.o ABSOLUTE
    __use_no_heap_region                     0x00000000   Number         0  useno.o ABSOLUTE
    __use_no_semihosting                     0x00000000   Number         0  useno.o ABSOLUTE
    __use_no_semihosting_swi                 0x00000000   Number         0  useno.o ABSOLUTE
    __use_no_signal_handling                 0x00000000   Number         0  useno.o ABSOLUTE
    _printf_a                                0x00000000   Number         0  stubs.o ABSOLUTE
    _printf_c                                0x00000000   Number         0  stubs.o ABSOLUTE
    _printf_charcount                        0x00000000   Number         0  stubs.o ABSOLUTE
    _printf_d                                0x00000000   Number         0  stubs.o ABSOLUTE
    _printf_e                                0x00000000   Number         0  stubs.o ABSOLUTE
    _printf_f                                0x00000000   Number         0  stubs.o ABSOLUTE
    _printf_flags                            0x00000000   Number         0  stubs.o ABSOLUTE
    _printf_fp_dec                           0x00000000   Number         0  stubs.o ABSOLUTE
    _printf_fp_hex                           0x00000000   Number         0  stubs.o ABSOLUTE
    _printf_g                                0x00000000   Number         0  stubs.o ABSOLUTE
    _printf_i                                0x00000000   Number         0  stubs.o ABSOLUTE
    _printf_int_dec                          0x00000000   Number         0  stubs.o ABSOLUTE
    _printf_l                                0x00000000   Number         0  stubs.o ABSOLUTE
    _printf_lc                               0x00000000   Number         0  stubs.o ABSOLUTE
    _printf_ll                               0x00000000   Number         0  stubs.o ABSOLUTE
    _printf_lld                              0x00000000   Number         0  stubs.o ABSOLUTE
    _printf_lli                              0x00000000   Number         0  stubs.o ABSOLUTE
    _printf_llo                              0x00000000   Number         0  stubs.o ABSOLUTE
    _printf_llu                              0x00000000   Number         0  stubs.o ABSOLUTE
    _printf_llx                              0x00000000   Number         0  stubs.o ABSOLUTE
    _printf_longlong_dec                     0x00000000   Number         0  stubs.o ABSOLUTE
    _printf_longlong_hex                     0x00000000   Number         0  stubs.o ABSOLUTE
    _printf_longlong_oct                     0x00000000   Number         0  stubs.o ABSOLUTE
    _printf_ls                               0x00000000   Number         0  stubs.o ABSOLUTE
    _printf_mbtowc                           0x00000000   Number         0  stubs.o ABSOLUTE
    _printf_n                                0x00000000   Number         0  stubs.o ABSOLUTE
    _printf_o                                0x00000000   Number         0  stubs.o ABSOLUTE
    _printf_p                                0x00000000   Number         0  stubs.o ABSOLUTE
    _printf_percent                          0x00000000   Number         0  stubs.o ABSOLUTE
    _printf_pre_padding                      0x00000000   Number         0  stubs.o ABSOLUTE
    _printf_return_value                     0x00000000   Number         0  stubs.o ABSOLUTE
    _printf_s                                0x00000000   Number         0  stubs.o ABSOLUTE
    _printf_sizespec                         0x00000000   Number         0  stubs.o ABSOLUTE
    _printf_str                              0x00000000   Number         0  stubs.o ABSOLUTE
    _printf_truncate_signed                  0x00000000   Number         0  stubs.o ABSOLUTE
    _printf_truncate_unsigned                0x00000000   Number         0  stubs.o ABSOLUTE
    _printf_u                                0x00000000   Number         0  stubs.o ABSOLUTE
    _printf_wc                               0x00000000   Number         0  stubs.o ABSOLUTE
    _printf_wctomb                           0x00000000   Number         0  stubs.o ABSOLUTE
    _printf_widthprec                        0x00000000   Number         0  stubs.o ABSOLUTE
    _printf_x                                0x00000000   Number         0  stubs.o ABSOLUTE
    __cpp_initialize__aeabi_                  - Undefined Weak Reference
    __cxa_finalize                            - Undefined Weak Reference
    __decompress                              - Undefined Weak Reference
    _clock_init                               - Undefined Weak Reference
    _microlib_exit                            - Undefined Weak Reference
    __Vectors_Size                           0x00000188   Number         0  startup_stm32f40xx.o ABSOLUTE
    __Vectors                                0x08000000   Data           4  startup_stm32f40xx.o(RESET)
    __Vectors_End                            0x08000188   Data           0  startup_stm32f40xx.o(RESET)
    __main                                   0x08000189   Thumb Code     0  entry.o(.ARM.Collect$$$$00000000)
    _main_stk                                0x08000189   Thumb Code     0  entry2.o(.ARM.Collect$$$$00000001)
    _main_scatterload                        0x0800018d   Thumb Code     0  entry5.o(.ARM.Collect$$$$00000004)
    __main_after_scatterload                 0x08000191   Thumb Code     0  entry5.o(.ARM.Collect$$$$00000004)
    _main_clock                              0x08000191   Thumb Code     0  entry7b.o(.ARM.Collect$$$$00000008)
    _main_cpp_init                           0x08000191   Thumb Code     0  entry8b.o(.ARM.Collect$$$$0000000A)
    _main_init                               0x08000191   Thumb Code     0  entry9a.o(.ARM.Collect$$$$0000000B)
    __rt_final_cpp                           0x08000199   Thumb Code     0  entry10a.o(.ARM.Collect$$$$0000000D)
    __rt_final_exit                          0x08000199   Thumb Code     0  entry11a.o(.ARM.Collect$$$$0000000F)
    Reset_Handler                            0x0800019d   Thumb Code     8  startup_stm32f40xx.o(.text)
    ADC_IRQHandler                           0x080001b7   Thumb Code     0  startup_stm32f40xx.o(.text)
    CAN1_RX0_IRQHandler                      0x080001b7   Thumb Code     0  startup_stm32f40xx.o(.text)
    CAN1_RX1_IRQHandler                      0x080001b7   Thumb Code     0  startup_stm32f40xx.o(.text)
    CAN1_SCE_IRQHandler                      0x080001b7   Thumb Code     0  startup_stm32f40xx.o(.text)
    CAN1_TX_IRQHandler                       0x080001b7   Thumb Code     0  startup_stm32f40xx.o(.text)
    CAN2_RX0_IRQHandler                      0x080001b7   Thumb Code     0  startup_stm32f40xx.o(.text)
    CAN2_RX1_IRQHandler                      0x080001b7   Thumb Code     0  startup_stm32f40xx.o(.text)
    CAN2_SCE_IRQHandler                      0x080001b7   Thumb Code     0  startup_stm32f40xx.o(.text)
    CAN2_TX_IRQHandler                       0x080001b7   Thumb Code     0  startup_stm32f40xx.o(.text)
    CRYP_IRQHandler                          0x080001b7   Thumb Code     0  startup_stm32f40xx.o(.text)
    DCMI_IRQHandler                          0x080001b7   Thumb Code     0  startup_stm32f40xx.o(.text)
    DMA1_Stream0_IRQHandler                  0x080001b7   Thumb Code     0  startup_stm32f40xx.o(.text)
    DMA1_Stream1_IRQHandler                  0x080001b7   Thumb Code     0  startup_stm32f40xx.o(.text)
    DMA1_Stream2_IRQHandler                  0x080001b7   Thumb Code     0  startup_stm32f40xx.o(.text)
    DMA1_Stream3_IRQHandler                  0x080001b7   Thumb Code     0  startup_stm32f40xx.o(.text)
    DMA1_Stream4_IRQHandler                  0x080001b7   Thumb Code     0  startup_stm32f40xx.o(.text)
    DMA1_Stream5_IRQHandler                  0x080001b7   Thumb Code     0  startup_stm32f40xx.o(.text)
    DMA1_Stream6_IRQHandler                  0x080001b7   Thumb Code     0  startup_stm32f40xx.o(.text)
    DMA1_Stream7_IRQHandler                  0x080001b7   Thumb Code     0  startup_stm32f40xx.o(.text)
    DMA2_Stream0_IRQHandler                  0x080001b7   Thumb Code     0  startup_stm32f40xx.o(.text)
    DMA2_Stream1_IRQHandler                  0x080001b7   Thumb Code     0  startup_stm32f40xx.o(.text)
    DMA2_Stream2_IRQHandler                  0x080001b7   Thumb Code     0  startup_stm32f40xx.o(.text)
    DMA2_Stream3_IRQHandler                  0x080001b7   Thumb Code     0  startup_stm32f40xx.o(.text)
    DMA2_Stream4_IRQHandler                  0x080001b7   Thumb Code     0  startup_stm32f40xx.o(.text)
    DMA2_Stream5_IRQHandler                  0x080001b7   Thumb Code     0  startup_stm32f40xx.o(.text)
    DMA2_Stream6_IRQHandler                  0x080001b7   Thumb Code     0  startup_stm32f40xx.o(.text)
    DMA2_Stream7_IRQHandler                  0x080001b7   Thumb Code     0  startup_stm32f40xx.o(.text)
    ETH_IRQHandler                           0x080001b7   Thumb Code     0  startup_stm32f40xx.o(.text)
    ETH_WKUP_IRQHandler                      0x080001b7   Thumb Code     0  startup_stm32f40xx.o(.text)
    EXTI0_IRQHandler                         0x080001b7   Thumb Code     0  startup_stm32f40xx.o(.text)
    EXTI15_10_IRQHandler                     0x080001b7   Thumb Code     0  startup_stm32f40xx.o(.text)
    EXTI1_IRQHandler                         0x080001b7   Thumb Code     0  startup_stm32f40xx.o(.text)
    EXTI2_IRQHandler                         0x080001b7   Thumb Code     0  startup_stm32f40xx.o(.text)
    EXTI3_IRQHandler                         0x080001b7   Thumb Code     0  startup_stm32f40xx.o(.text)
    EXTI4_IRQHandler                         0x080001b7   Thumb Code     0  startup_stm32f40xx.o(.text)
    EXTI9_5_IRQHandler                       0x080001b7   Thumb Code     0  startup_stm32f40xx.o(.text)
    FLASH_IRQHandler                         0x080001b7   Thumb Code     0  startup_stm32f40xx.o(.text)
    FPU_IRQHandler                           0x080001b7   Thumb Code     0  startup_stm32f40xx.o(.text)
    FSMC_IRQHandler                          0x080001b7   Thumb Code     0  startup_stm32f40xx.o(.text)
    HASH_RNG_IRQHandler                      0x080001b7   Thumb Code     0  startup_stm32f40xx.o(.text)
    I2C1_ER_IRQHandler                       0x080001b7   Thumb Code     0  startup_stm32f40xx.o(.text)
    I2C1_EV_IRQHandler                       0x080001b7   Thumb Code     0  startup_stm32f40xx.o(.text)
    I2C2_ER_IRQHandler                       0x080001b7   Thumb Code     0  startup_stm32f40xx.o(.text)
    I2C2_EV_IRQHandler                       0x080001b7   Thumb Code     0  startup_stm32f40xx.o(.text)
    I2C3_ER_IRQHandler                       0x080001b7   Thumb Code     0  startup_stm32f40xx.o(.text)
    I2C3_EV_IRQHandler                       0x080001b7   Thumb Code     0  startup_stm32f40xx.o(.text)
    OTG_FS_IRQHandler                        0x080001b7   Thumb Code     0  startup_stm32f40xx.o(.text)
    OTG_FS_WKUP_IRQHandler                   0x080001b7   Thumb Code     0  startup_stm32f40xx.o(.text)
    OTG_HS_EP1_IN_IRQHandler                 0x080001b7   Thumb Code     0  startup_stm32f40xx.o(.text)
    OTG_HS_EP1_OUT_IRQHandler                0x080001b7   Thumb Code     0  startup_stm32f40xx.o(.text)
    OTG_HS_IRQHandler                        0x080001b7   Thumb Code     0  startup_stm32f40xx.o(.text)
    OTG_HS_WKUP_IRQHandler                   0x080001b7   Thumb Code     0  startup_stm32f40xx.o(.text)
    PVD_IRQHandler                           0x080001b7   Thumb Code     0  startup_stm32f40xx.o(.text)
    RCC_IRQHandler                           0x080001b7   Thumb Code     0  startup_stm32f40xx.o(.text)
    RTC_Alarm_IRQHandler                     0x080001b7   Thumb Code     0  startup_stm32f40xx.o(.text)
    RTC_WKUP_IRQHandler                      0x080001b7   Thumb Code     0  startup_stm32f40xx.o(.text)
    SPI1_IRQHandler                          0x080001b7   Thumb Code     0  startup_stm32f40xx.o(.text)
    SPI2_IRQHandler                          0x080001b7   Thumb Code     0  startup_stm32f40xx.o(.text)
    SPI3_IRQHandler                          0x080001b7   Thumb Code     0  startup_stm32f40xx.o(.text)
    TAMP_STAMP_IRQHandler                    0x080001b7   Thumb Code     0  startup_stm32f40xx.o(.text)
    TIM1_BRK_TIM9_IRQHandler                 0x080001b7   Thumb Code     0  startup_stm32f40xx.o(.text)
    TIM1_CC_IRQHandler                       0x080001b7   Thumb Code     0  startup_stm32f40xx.o(.text)
    TIM1_TRG_COM_TIM11_IRQHandler            0x080001b7   Thumb Code     0  startup_stm32f40xx.o(.text)
    TIM1_UP_TIM10_IRQHandler                 0x080001b7   Thumb Code     0  startup_stm32f40xx.o(.text)
    TIM2_IRQHandler                          0x080001b7   Thumb Code     0  startup_stm32f40xx.o(.text)
    TIM3_IRQHandler                          0x080001b7   Thumb Code     0  startup_stm32f40xx.o(.text)
    TIM4_IRQHandler                          0x080001b7   Thumb Code     0  startup_stm32f40xx.o(.text)
    TIM5_IRQHandler                          0x080001b7   Thumb Code     0  startup_stm32f40xx.o(.text)
    TIM6_DAC_IRQHandler                      0x080001b7   Thumb Code     0  startup_stm32f40xx.o(.text)
    TIM7_IRQHandler                          0x080001b7   Thumb Code     0  startup_stm32f40xx.o(.text)
    TIM8_BRK_TIM12_IRQHandler                0x080001b7   Thumb Code     0  startup_stm32f40xx.o(.text)
    TIM8_TRG_COM_TIM14_IRQHandler            0x080001b7   Thumb Code     0  startup_stm32f40xx.o(.text)
    TIM8_UP_TIM13_IRQHandler                 0x080001b7   Thumb Code     0  startup_stm32f40xx.o(.text)
    UART4_IRQHandler                         0x080001b7   Thumb Code     0  startup_stm32f40xx.o(.text)
    UART5_IRQHandler                         0x080001b7   Thumb Code     0  startup_stm32f40xx.o(.text)
    USART2_IRQHandler                        0x080001b7   Thumb Code     0  startup_stm32f40xx.o(.text)
    USART3_IRQHandler                        0x080001b7   Thumb Code     0  startup_stm32f40xx.o(.text)
    USART6_IRQHandler                        0x080001b7   Thumb Code     0  startup_stm32f40xx.o(.text)
    WWDG_IRQHandler                          0x080001b7   Thumb Code     0  startup_stm32f40xx.o(.text)
    __aeabi_dmul                             0x080001c1   Thumb Code   228  dmul.o(.text)
    __aeabi_ddiv                             0x080002a5   Thumb Code   222  ddiv.o(.text)
    __aeabi_i2d                              0x08000383   Thumb Code    34  dflti.o(.text)
    __aeabi_ui2d                             0x080003a5   Thumb Code    26  dfltui.o(.text)
    __aeabi_d2iz                             0x080003bf   Thumb Code    62  dfixi.o(.text)
    __aeabi_f2d                              0x080003fd   Thumb Code    38  f2d.o(.text)
    __aeabi_cdcmpeq                          0x08000425   Thumb Code     0  cdcmple.o(.text)
    __aeabi_cdcmple                          0x08000425   Thumb Code    48  cdcmple.o(.text)
    __aeabi_cdrcmple                         0x08000455   Thumb Code    48  cdrcmple.o(.text)
    __aeabi_uidiv                            0x08000485   Thumb Code     0  uidiv.o(.text)
    __aeabi_uidivmod                         0x08000485   Thumb Code    44  uidiv.o(.text)
    __aeabi_uldivmod                         0x080004b1   Thumb Code    98  uldiv.o(.text)
    __aeabi_llsr                             0x08000513   Thumb Code    32  llushr.o(.text)
    _ll_ushift_r                             0x08000513   Thumb Code     0  llushr.o(.text)
    __I$use$fp                               0x08000533   Thumb Code     0  iusefp.o(.text)
    _double_round                            0x08000533   Thumb Code    30  depilogue.o(.text)
    _double_epilogue                         0x08000551   Thumb Code   156  depilogue.o(.text)
    __aeabi_dadd                             0x080005ed   Thumb Code   322  dadd.o(.text)
    __aeabi_dsub                             0x0800072f   Thumb Code     6  dadd.o(.text)
    __aeabi_drsub                            0x08000735   Thumb Code     6  dadd.o(.text)
    __aeabi_d2ulz                            0x0800073b   Thumb Code    48  dfixul.o(.text)
    __scatterload                            0x0800076d   Thumb Code    28  init.o(.text)
    __scatterload_rt2                        0x0800076d   Thumb Code     0  init.o(.text)
    __aeabi_llsl                             0x08000791   Thumb Code    30  llshl.o(.text)
    _ll_shift_l                              0x08000791   Thumb Code     0  llshl.o(.text)
    __aeabi_lasr                             0x080007af   Thumb Code    36  llsshr.o(.text)
    _ll_sshift_r                             0x080007af   Thumb Code     0  llsshr.o(.text)
    ADC_Cmd                                  0x080007d3   Thumb Code    22  stm32f4xx_adc.o(i.ADC_Cmd)
    ADC_CommonInit                           0x080007e9   Thumb Code    34  stm32f4xx_adc.o(i.ADC_CommonInit)
    ADC_DMACmd                               0x08000819   Thumb Code    22  stm32f4xx_adc.o(i.ADC_DMACmd)
    ADC_DMARequestAfterLastTransferCmd       0x0800082f   Thumb Code    22  stm32f4xx_adc.o(i.ADC_DMARequestAfterLastTransferCmd)
    ADC_Init                                 0x08000845   Thumb Code    74  stm32f4xx_adc.o(i.ADC_Init)
    ADC_RegularChannelConfig                 0x08000899   Thumb Code   184  stm32f4xx_adc.o(i.ADC_RegularChannelConfig)
    ADC_SoftwareStartConv                    0x08000951   Thumb Code    10  stm32f4xx_adc.o(i.ADC_SoftwareStartConv)
    ADC_StructInit                           0x0800095b   Thumb Code    20  stm32f4xx_adc.o(i.ADC_StructInit)
    BusFault_Handler                         0x0800096f   Thumb Code     4  stm32f4xx_it.o(i.BusFault_Handler)
    Change_range                             0x08000975   Thumb Code   292  main.o(i.Change_range)
    CmdResp1Error                            0x08000ab1   Thumb Code    94  sdio_sdcard.o(i.CmdResp1Error)
    Copy_HZK16                               0x08000b15   Thumb Code    76  text.o(i.Copy_HZK16)
    Copy_HZK24                               0x08000b65   Thumb Code    88  text.o(i.Copy_HZK24)
    Copy_Mem                                 0x08000bc1   Thumb Code    22  text.o(i.Copy_Mem)
    DMA_Cmd                                  0x08000bd7   Thumb Code    22  stm32f4xx_dma.o(i.DMA_Cmd)
    DMA_Init                                 0x08000bed   Thumb Code    82  stm32f4xx_dma.o(i.DMA_Init)
    DebugMon_Handler                         0x08000c45   Thumb Code     2  stm32f4xx_it.o(i.DebugMon_Handler)
    Draw_Font24B                             0x08000c49   Thumb Code    60  text.o(i.Draw_Font24B)
    FSMC_NORSRAMCmd                          0x08000c89   Thumb Code    46  stm32f4xx_fsmc.o(i.FSMC_NORSRAMCmd)
    FSMC_NORSRAMInit                         0x08000cbd   Thumb Code   282  stm32f4xx_fsmc.o(i.FSMC_NORSRAMInit)
    GBK_Lib_Init                             0x08000de1   Thumb Code   110  gbk_libdrive.o(i.GBK_Lib_Init)
    GPIO_Config                              0x08000e5d   Thumb Code   146  bsp_gpio.o(i.GPIO_Config)
    GPIO_Init                                0x08000ef9   Thumb Code   144  stm32f4xx_gpio.o(i.GPIO_Init)
    GPIO_PinAFConfig                         0x08000f89   Thumb Code    70  stm32f4xx_gpio.o(i.GPIO_PinAFConfig)
    GPIO_ResetBits                           0x08000fcf   Thumb Code     4  stm32f4xx_gpio.o(i.GPIO_ResetBits)
    GPIO_SetBits                             0x08000fd3   Thumb Code     4  stm32f4xx_gpio.o(i.GPIO_SetBits)
    Get_HzMat                                0x08000fd7   Thumb Code   120  text.o(i.Get_HzMat)
    HardFault_Handler                        0x0800104f   Thumb Code     4  stm32f4xx_it.o(i.HardFault_Handler)
    LCD_Clear                                0x08001055   Thumb Code    60  lcd.o(i.LCD_Clear)
    LCD_Display_Dir                          0x08001099   Thumb Code   184  lcd.o(i.LCD_Display_Dir)
    LCD_Fast_DrawPoint                       0x08001155   Thumb Code    76  lcd.o(i.LCD_Fast_DrawPoint)
    LCD_Init                                 0x080011a9   Thumb Code  1262  lcd.o(i.LCD_Init)
    LCD_RD_DATA                              0x0800169d   Thumb Code    14  lcd.o(i.LCD_RD_DATA)
    LCD_ReadReg                              0x080016b1   Thumb Code    22  lcd.o(i.LCD_ReadReg)
    LCD_Scan_Dir                             0x080016c9   Thumb Code   186  lcd.o(i.LCD_Scan_Dir)
    LCD_SetCursor                            0x08001789   Thumb Code    60  lcd.o(i.LCD_SetCursor)
    LCD_Set_Window                           0x080017c9   Thumb Code    96  lcd.o(i.LCD_Set_Window)
    LCD_ShowChar                             0x0800182d   Thumb Code   292  lcd.o(i.LCD_ShowChar)
    LCD_WR_DATA                              0x08001965   Thumb Code     6  lcd.o(i.LCD_WR_DATA)
    LCD_WR_REG                               0x08001971   Thumb Code     6  lcd.o(i.LCD_WR_REG)
    LCD_WriteRAM_Prepare                     0x0800197d   Thumb Code    10  lcd.o(i.LCD_WriteRAM_Prepare)
    LCD_WriteReg                             0x08001991   Thumb Code    14  lcd.o(i.LCD_WriteReg)
    LED_Init                                 0x080019a5   Thumb Code    60  led.o(i.LED_Init)
    Mea_C                                    0x080019e5   Thumb Code   322  main.o(i.Mea_C)
    Mea_R                                    0x08001b6d   Thumb Code   482  main.o(i.Mea_R)
    MemManage_Handler                        0x08001d9d   Thumb Code     4  stm32f4xx_it.o(i.MemManage_Handler)
    NMI_Handler                              0x08001da1   Thumb Code     2  stm32f4xx_it.o(i.NMI_Handler)
    NVIC_Init                                0x08001da5   Thumb Code   106  misc.o(i.NVIC_Init)
    NVIC_PriorityGroupConfig                 0x08001e1d   Thumb Code    10  misc.o(i.NVIC_PriorityGroupConfig)
    PendSV_Handler                           0x08001e31   Thumb Code     2  stm32f4xx_it.o(i.PendSV_Handler)
    RCC_AHB1PeriphClockCmd                   0x08001e35   Thumb Code    26  stm32f4xx_rcc.o(i.RCC_AHB1PeriphClockCmd)
    RCC_AHB3PeriphClockCmd                   0x08001e55   Thumb Code    26  stm32f4xx_rcc.o(i.RCC_AHB3PeriphClockCmd)
    RCC_APB1PeriphClockCmd                   0x08001e75   Thumb Code    26  stm32f4xx_rcc.o(i.RCC_APB1PeriphClockCmd)
    RCC_APB2PeriphClockCmd                   0x08001e95   Thumb Code    26  stm32f4xx_rcc.o(i.RCC_APB2PeriphClockCmd)
    RCC_GetClocksFreq                        0x08001eb5   Thumb Code   214  stm32f4xx_rcc.o(i.RCC_GetClocksFreq)
    Rheostat_Init                            0x0800210d   Thumb Code    12  bsp_adc.o(i.Rheostat_Init)
    SDIO_ClearFlag                           0x08002119   Thumb Code     6  stm32f4xx_sdio.o(i.SDIO_ClearFlag)
    SDIO_GetFlagStatus                       0x08002125   Thumb Code    20  stm32f4xx_sdio.o(i.SDIO_GetFlagStatus)
    SDIO_IRQHandler                          0x0800213d   Thumb Code     8  sdio_sdcard.o(i.SDIO_IRQHandler)
    SDIO_SendCommand                         0x08002145   Thumb Code    40  stm32f4xx_sdio.o(i.SDIO_SendCommand)
    SD_ProcessIRQSrc                         0x08002171   Thumb Code   318  sdio_sdcard.o(i.SD_ProcessIRQSrc)
    SVC_Handler                              0x080022c5   Thumb Code     2  stm32f4xx_it.o(i.SVC_Handler)
    Show_C                                   0x080023b5   Thumb Code   790  main.o(i.Show_C)
    Show_Font                                0x08002705   Thumb Code   192  text.o(i.Show_Font)
    Show_R                                   0x080027c9   Thumb Code   790  main.o(i.Show_R)
    Show_Str                                 0x08002b19   Thumb Code   198  text.o(i.Show_Str)
    SysTick_CLKSourceConfig                  0x08002bdf   Thumb Code    40  misc.o(i.SysTick_CLKSourceConfig)
    SysTick_Handler                          0x08002c07   Thumb Code     2  stm32f4xx_it.o(i.SysTick_Handler)
    SystemInit                               0x08002c09   Thumb Code    88  system_stm32f4xx.o(i.SystemInit)
    TIM8_CC_IRQHandler                       0x08002cfd   Thumb Code    32  stm32f4xx_it.o(i.TIM8_CC_IRQHandler)
    TIM_ClearITPendingBit                    0x08002d29   Thumb Code     6  stm32f4xx_tim.o(i.TIM_ClearITPendingBit)
    TIM_Cmd                                  0x08002d2f   Thumb Code    24  stm32f4xx_tim.o(i.TIM_Cmd)
    TIM_GetCapture1                          0x08002d47   Thumb Code     6  stm32f4xx_tim.o(i.TIM_GetCapture1)
    TIM_GetCapture2                          0x08002d4d   Thumb Code     6  stm32f4xx_tim.o(i.TIM_GetCapture2)
    TIM_ITConfig                             0x08002d53   Thumb Code    18  stm32f4xx_tim.o(i.TIM_ITConfig)
    TIM_OC1Init                              0x08002d65   Thumb Code   114  stm32f4xx_tim.o(i.TIM_OC1Init)
    TIM_OC1PreloadConfig                     0x08002de1   Thumb Code    18  stm32f4xx_tim.o(i.TIM_OC1PreloadConfig)
    TIM_PWMIConfig                           0x08002df3   Thumb Code   124  stm32f4xx_tim.o(i.TIM_PWMIConfig)
    TIM_SelectInputTrigger                   0x08002f75   Thumb Code    18  stm32f4xx_tim.o(i.TIM_SelectInputTrigger)
    TIM_SelectMasterSlaveMode                0x08002f87   Thumb Code    18  stm32f4xx_tim.o(i.TIM_SelectMasterSlaveMode)
    TIM_SelectSlaveMode                      0x08002f99   Thumb Code    18  stm32f4xx_tim.o(i.TIM_SelectSlaveMode)
    TIM_SetIC1Prescaler                      0x08002fab   Thumb Code    18  stm32f4xx_tim.o(i.TIM_SetIC1Prescaler)
    TIM_SetIC2Prescaler                      0x08002fbd   Thumb Code    26  stm32f4xx_tim.o(i.TIM_SetIC2Prescaler)
    TIM_TimeBaseInit                         0x08002fd9   Thumb Code   104  stm32f4xx_tim.o(i.TIM_TimeBaseInit)
    TIMx_Configuration                       0x0800305d   Thumb Code    20  bsp_advance_tim.o(i.TIMx_Configuration)
    USART1_IRQHandler                        0x080030fd   Thumb Code   122  usart.o(i.USART1_IRQHandler)
    USART_ClearFlag                          0x08003185   Thumb Code    18  stm32f4xx_usart.o(i.USART_ClearFlag)
    USART_Cmd                                0x08003197   Thumb Code    24  stm32f4xx_usart.o(i.USART_Cmd)
    USART_GetITStatus                        0x080031af   Thumb Code    84  stm32f4xx_usart.o(i.USART_GetITStatus)
    USART_ITConfig                           0x08003203   Thumb Code    74  stm32f4xx_usart.o(i.USART_ITConfig)
    USART_Init                               0x0800324d   Thumb Code   204  stm32f4xx_usart.o(i.USART_Init)
    USART_ReceiveData                        0x08003321   Thumb Code    10  stm32f4xx_usart.o(i.USART_ReceiveData)
    UsageFault_Handler                       0x0800332b   Thumb Code     4  stm32f4xx_it.o(i.UsageFault_Handler)
    __0printf                                0x08003331   Thumb Code    22  printfa.o(i.__0printf)
    __1printf                                0x08003331   Thumb Code     0  printfa.o(i.__0printf)
    __2printf                                0x08003331   Thumb Code     0  printfa.o(i.__0printf)
    __c89printf                              0x08003331   Thumb Code     0  printfa.o(i.__0printf)
    printf                                   0x08003331   Thumb Code     0  printfa.o(i.__0printf)
    __scatterload_copy                       0x08003351   Thumb Code    14  handlers.o(i.__scatterload_copy)
    __scatterload_null                       0x0800335f   Thumb Code     2  handlers.o(i.__scatterload_null)
    __scatterload_zeroinit                   0x08003361   Thumb Code    14  handlers.o(i.__scatterload_zeroinit)
    delay_init                               0x08003c25   Thumb Code    52  delay.o(i.delay_init)
    delay_ms                                 0x08003c61   Thumb Code    56  delay.o(i.delay_ms)
    delay_us                                 0x08003c99   Thumb Code    72  delay.o(i.delay_us)
    delay_xms                                0x08003ce5   Thumb Code    72  delay.o(i.delay_xms)
    fputc                                    0x08003d31   Thumb Code    22  usart.o(i.fputc)
    get_F_C                                  0x08003d4d   Thumb Code    94  main.o(i.get_F_C)
    main                                     0x08003dc5   Thumb Code   420  main.o(i.main)
    switch_1                                 0x08003ff9   Thumb Code    66  main.o(i.switch_1)
    switch_2                                 0x08004051   Thumb Code    66  main.o(i.switch_2)
    switch_3                                 0x080040a9   Thumb Code    66  main.o(i.switch_3)
    switch_4                                 0x08004101   Thumb Code    66  main.o(i.switch_4)
    switch_5                                 0x08004159   Thumb Code    50  main.o(i.switch_5)
    uart_init                                0x08004195   Thumb Code   172  usart.o(i.uart_init)
    asc2_1206                                0x08004248   Data        1140  font.o(.constdata)
    asc2_1608                                0x080046bc   Data        1520  font.o(.constdata)
    asc2_2412                                0x08004cac   Data        3420  font.o(.constdata)
    hz16                                     0x08005a08   Data        2006  font.o(.constdata)
    hz24                                     0x080061de   Data         740  font.o(.constdata)
    Region$$Table$$Base                      0x080064c4   Number         0  anon$$obj.o(Region$$Table)
    Region$$Table$$Limit                     0x080064e4   Number         0  anon$$obj.o(Region$$Table)
    ln2                                      0x20000010   Data           4  main.o(.data)
    c                                        0x20000018   Data           8  main.o(.data)
    c_t                                      0x20000020   Data           8  main.o(.data)
    R1                                       0x20000028   Data           4  main.o(.data)
    v                                        0x2000002c   Data           4  main.o(.data)
    Rx                                       0x20000030   Data           4  main.o(.data)
    gear                                     0x20000034   Data           1  main.o(.data)
    times                                    0x20000038   Data           4  main.o(.data)
    x                                        0x2000003c   Data           1  main.o(.data)
    IC2Value                                 0x20000040   Data           2  stm32f4xx_it.o(.data)
    IC1Value                                 0x20000042   Data           2  stm32f4xx_it.o(.data)
    DutyCycle                                0x20000044   Data           4  stm32f4xx_it.o(.data)
    Frequency                                0x20000048   Data           4  stm32f4xx_it.o(.data)
    ADC_ConvertedValue                       0x2000004c   Data           6  bsp_adc.o(.data)
    __stdout                                 0x20000058   Data           4  usart.o(.data)
    USART_RX_STA                             0x2000005c   Data           2  usart.o(.data)
    TransferError                            0x2000006a   Data           1  sdio_sdcard.o(.data)
    TransferEnd                              0x2000006b   Data           1  sdio_sdcard.o(.data)
    tempbuff                                 0x2000006c   Data           4  sdio_sdcard.o(.data)
    POINT_COLOR                              0x20000070   Data           2  lcd.o(.data)
    BACK_COLOR                               0x20000072   Data           2  lcd.o(.data)
    D_Color                                  0x20000074   Data           2  lcd.o(.data)
    B_Color                                  0x20000076   Data           2  lcd.o(.data)
    ADC_ConvertedValueLocal                  0x20000078   Data          12  main.o(.bss)
    lcd_id                                   0x20000084   Data          12  main.o(.bss)
    USART_RX_BUF                             0x20000090   Data         200  usart.o(.bss)
    SDIO_InitStructure                       0x20000158   Data          24  sdio_sdcard.o(.bss)
    SDIO_CmdInitStructure                    0x20000170   Data          20  sdio_sdcard.o(.bss)
    SDIO_DataInitStructure                   0x20000184   Data          24  sdio_sdcard.o(.bss)
    SDCardInfo                               0x200001c0   Data          88  sdio_sdcard.o(.bss)
    SDIO_DATA_BUFFER                         0x20000218   Data         512  sdio_sdcard.o(.bss)
    lcddev                                   0x20000418   Data          14  lcd.o(.bss)
    __initial_sp                             0x20000828   Data           0  startup_stm32f40xx.o(STACK)



==============================================================================

Memory Map of the image

  Image Entry point : 0x08000189

  Load Region LR_IROM1 (Base: 0x08000000, Size: 0x0000655c, Max: 0x00100000, ABSOLUTE)

    Execution Region ER_IROM1 (Exec base: 0x08000000, Load base: 0x08000000, Size: 0x000064e4, Max: 0x00100000, ABSOLUTE)

    Exec Addr    Load Addr    Size         Type   Attr      Idx    E Section Name        Object

    0x08000000   0x08000000   0x00000188   Data   RO            3    RESET               startup_stm32f40xx.o
    0x08000188   0x08000188   0x00000000   Code   RO         6285  * .ARM.Collect$$$$00000000  mc_w.l(entry.o)
    0x08000188   0x08000188   0x00000004   Code   RO         6573    .ARM.Collect$$$$00000001  mc_w.l(entry2.o)
    0x0800018c   0x0800018c   0x00000004   Code   RO         6576    .ARM.Collect$$$$00000004  mc_w.l(entry5.o)
    0x08000190   0x08000190   0x00000000   Code   RO         6578    .ARM.Collect$$$$00000008  mc_w.l(entry7b.o)
    0x08000190   0x08000190   0x00000000   Code   RO         6580    .ARM.Collect$$$$0000000A  mc_w.l(entry8b.o)
    0x08000190   0x08000190   0x00000008   Code   RO         6581    .ARM.Collect$$$$0000000B  mc_w.l(entry9a.o)
    0x08000198   0x08000198   0x00000000   Code   RO         6583    .ARM.Collect$$$$0000000D  mc_w.l(entry10a.o)
    0x08000198   0x08000198   0x00000000   Code   RO         6585    .ARM.Collect$$$$0000000F  mc_w.l(entry11a.o)
    0x08000198   0x08000198   0x00000004   Code   RO         6574    .ARM.Collect$$$$00002712  mc_w.l(entry2.o)
    0x0800019c   0x0800019c   0x00000024   Code   RO            4    .text               startup_stm32f40xx.o
    0x080001c0   0x080001c0   0x000000e4   Code   RO         6555    .text               mf_w.l(dmul.o)
    0x080002a4   0x080002a4   0x000000de   Code   RO         6557    .text               mf_w.l(ddiv.o)
    0x08000382   0x08000382   0x00000022   Code   RO         6559    .text               mf_w.l(dflti.o)
    0x080003a4   0x080003a4   0x0000001a   Code   RO         6561    .text               mf_w.l(dfltui.o)
    0x080003be   0x080003be   0x0000003e   Code   RO         6563    .text               mf_w.l(dfixi.o)
    0x080003fc   0x080003fc   0x00000026   Code   RO         6567    .text               mf_w.l(f2d.o)
    0x08000422   0x08000422   0x00000002   PAD
    0x08000424   0x08000424   0x00000030   Code   RO         6569    .text               mf_w.l(cdcmple.o)
    0x08000454   0x08000454   0x00000030   Code   RO         6571    .text               mf_w.l(cdrcmple.o)
    0x08000484   0x08000484   0x0000002c   Code   RO         6587    .text               mc_w.l(uidiv.o)
    0x080004b0   0x080004b0   0x00000062   Code   RO         6589    .text               mc_w.l(uldiv.o)
    0x08000512   0x08000512   0x00000020   Code   RO         6591    .text               mc_w.l(llushr.o)
    0x08000532   0x08000532   0x00000000   Code   RO         6600    .text               mc_w.l(iusefp.o)
    0x08000532   0x08000532   0x000000ba   Code   RO         6601    .text               mf_w.l(depilogue.o)
    0x080005ec   0x080005ec   0x0000014e   Code   RO         6603    .text               mf_w.l(dadd.o)
    0x0800073a   0x0800073a   0x00000030   Code   RO         6607    .text               mf_w.l(dfixul.o)
    0x0800076a   0x0800076a   0x00000002   PAD
    0x0800076c   0x0800076c   0x00000024   Code   RO         6609    .text               mc_w.l(init.o)
    0x08000790   0x08000790   0x0000001e   Code   RO         6611    .text               mc_w.l(llshl.o)
    0x080007ae   0x080007ae   0x00000024   Code   RO         6613    .text               mc_w.l(llsshr.o)
    0x080007d2   0x080007d2   0x00000016   Code   RO          213    i.ADC_Cmd           stm32f4xx_adc.o
    0x080007e8   0x080007e8   0x00000030   Code   RO          214    i.ADC_CommonInit    stm32f4xx_adc.o
    0x08000818   0x08000818   0x00000016   Code   RO          217    i.ADC_DMACmd        stm32f4xx_adc.o
    0x0800082e   0x0800082e   0x00000016   Code   RO          218    i.ADC_DMARequestAfterLastTransferCmd  stm32f4xx_adc.o
    0x08000844   0x08000844   0x00000054   Code   RO          233    i.ADC_Init          stm32f4xx_adc.o
    0x08000898   0x08000898   0x000000b8   Code   RO          238    i.ADC_RegularChannelConfig  stm32f4xx_adc.o
    0x08000950   0x08000950   0x0000000a   Code   RO          240    i.ADC_SoftwareStartConv  stm32f4xx_adc.o
    0x0800095a   0x0800095a   0x00000014   Code   RO          242    i.ADC_StructInit    stm32f4xx_adc.o
    0x0800096e   0x0800096e   0x00000004   Code   RO         4909    i.BusFault_Handler  stm32f4xx_it.o
    0x08000972   0x08000972   0x00000002   PAD
    0x08000974   0x08000974   0x0000013c   Code   RO         4765    i.Change_range      main.o
    0x08000ab0   0x08000ab0   0x00000064   Code   RO         5424    i.CmdResp1Error     sdio_sdcard.o
    0x08000b14   0x08000b14   0x00000050   Code   RO         6210    i.Copy_HZK16        text.o
    0x08000b64   0x08000b64   0x0000005c   Code   RO         6211    i.Copy_HZK24        text.o
    0x08000bc0   0x08000bc0   0x00000016   Code   RO         6212    i.Copy_Mem          text.o
    0x08000bd6   0x08000bd6   0x00000016   Code   RO         1213    i.DMA_Cmd           stm32f4xx_dma.o
    0x08000bec   0x08000bec   0x00000058   Code   RO         1225    i.DMA_Init          stm32f4xx_dma.o
    0x08000c44   0x08000c44   0x00000002   Code   RO         4910    i.DebugMon_Handler  stm32f4xx_it.o
    0x08000c46   0x08000c46   0x00000002   PAD
    0x08000c48   0x08000c48   0x00000040   Code   RO         6214    i.Draw_Font24B      text.o
    0x08000c88   0x08000c88   0x00000034   Code   RO         1732    i.FSMC_NORSRAMCmd   stm32f4xx_fsmc.o
    0x08000cbc   0x08000cbc   0x00000124   Code   RO         1734    i.FSMC_NORSRAMInit  stm32f4xx_fsmc.o
    0x08000de0   0x08000de0   0x0000007c   Code   RO         5228    i.GBK_Lib_Init      gbk_libdrive.o
    0x08000e5c   0x08000e5c   0x0000009c   Code   RO         5074    i.GPIO_Config       bsp_gpio.o
    0x08000ef8   0x08000ef8   0x00000090   Code   RO         1857    i.GPIO_Init         stm32f4xx_gpio.o
    0x08000f88   0x08000f88   0x00000046   Code   RO         1858    i.GPIO_PinAFConfig  stm32f4xx_gpio.o
    0x08000fce   0x08000fce   0x00000004   Code   RO         1864    i.GPIO_ResetBits    stm32f4xx_gpio.o
    0x08000fd2   0x08000fd2   0x00000004   Code   RO         1865    i.GPIO_SetBits      stm32f4xx_gpio.o
    0x08000fd6   0x08000fd6   0x00000078   Code   RO         6215    i.Get_HzMat         text.o
    0x0800104e   0x0800104e   0x00000004   Code   RO         4911    i.HardFault_Handler  stm32f4xx_it.o
    0x08001052   0x08001052   0x00000002   PAD
    0x08001054   0x08001054   0x00000044   Code   RO         5951    i.LCD_Clear         lcd.o
    0x08001098   0x08001098   0x000000bc   Code   RO         5955    i.LCD_Display_Dir   lcd.o
    0x08001154   0x08001154   0x00000054   Code   RO         5960    i.LCD_Fast_DrawPoint  lcd.o
    0x080011a8   0x080011a8   0x000004f4   Code   RO         5962    i.LCD_Init          lcd.o
    0x0800169c   0x0800169c   0x00000014   Code   RO         5964    i.LCD_RD_DATA       lcd.o
    0x080016b0   0x080016b0   0x00000016   Code   RO         5966    i.LCD_ReadReg       lcd.o
    0x080016c6   0x080016c6   0x00000002   PAD
    0x080016c8   0x080016c8   0x000000c0   Code   RO         5967    i.LCD_Scan_Dir      lcd.o
    0x08001788   0x08001788   0x00000040   Code   RO         5968    i.LCD_SetCursor     lcd.o
    0x080017c8   0x080017c8   0x00000064   Code   RO         5969    i.LCD_Set_Window    lcd.o
    0x0800182c   0x0800182c   0x00000138   Code   RO         5970    i.LCD_ShowChar      lcd.o
    0x08001964   0x08001964   0x0000000c   Code   RO         5974    i.LCD_WR_DATA       lcd.o
    0x08001970   0x08001970   0x0000000c   Code   RO         5975    i.LCD_WR_REG        lcd.o
    0x0800197c   0x0800197c   0x00000014   Code   RO         5977    i.LCD_WriteRAM_Prepare  lcd.o
    0x08001990   0x08001990   0x00000014   Code   RO         5978    i.LCD_WriteReg      lcd.o
    0x080019a4   0x080019a4   0x00000040   Code   RO         5399    i.LED_Init          led.o
    0x080019e4   0x080019e4   0x00000188   Code   RO         4766    i.Mea_C             main.o
    0x08001b6c   0x08001b6c   0x00000230   Code   RO         4767    i.Mea_R             main.o
    0x08001d9c   0x08001d9c   0x00000004   Code   RO         4912    i.MemManage_Handler  stm32f4xx_it.o
    0x08001da0   0x08001da0   0x00000002   Code   RO         4913    i.NMI_Handler       stm32f4xx_it.o
    0x08001da2   0x08001da2   0x00000002   PAD
    0x08001da4   0x08001da4   0x00000078   Code   RO          155    i.NVIC_Init         misc.o
    0x08001e1c   0x08001e1c   0x00000014   Code   RO          156    i.NVIC_PriorityGroupConfig  misc.o
    0x08001e30   0x08001e30   0x00000002   Code   RO         4914    i.PendSV_Handler    stm32f4xx_it.o
    0x08001e32   0x08001e32   0x00000002   PAD
    0x08001e34   0x08001e34   0x00000020   Code   RO         2561    i.RCC_AHB1PeriphClockCmd  stm32f4xx_rcc.o
    0x08001e54   0x08001e54   0x00000020   Code   RO         2567    i.RCC_AHB3PeriphClockCmd  stm32f4xx_rcc.o
    0x08001e74   0x08001e74   0x00000020   Code   RO         2570    i.RCC_APB1PeriphClockCmd  stm32f4xx_rcc.o
    0x08001e94   0x08001e94   0x00000020   Code   RO         2573    i.RCC_APB2PeriphClockCmd  stm32f4xx_rcc.o
    0x08001eb4   0x08001eb4   0x000000e8   Code   RO         2582    i.RCC_GetClocksFreq  stm32f4xx_rcc.o
    0x08001f9c   0x08001f9c   0x0000006c   Code   RO         5037    i.Rheostat_ADC_GPIO_Config  bsp_adc.o
    0x08002008   0x08002008   0x00000104   Code   RO         5038    i.Rheostat_ADC_Mode_Config  bsp_adc.o
    0x0800210c   0x0800210c   0x0000000c   Code   RO         5039    i.Rheostat_Init     bsp_adc.o
    0x08002118   0x08002118   0x0000000c   Code   RO         3495    i.SDIO_ClearFlag    stm32f4xx_sdio.o
    0x08002124   0x08002124   0x00000018   Code   RO         3507    i.SDIO_GetFlagStatus  stm32f4xx_sdio.o
    0x0800213c   0x0800213c   0x00000008   Code   RO         5433    i.SDIO_IRQHandler   sdio_sdcard.o
    0x08002144   0x08002144   0x0000002c   Code   RO         3515    i.SDIO_SendCommand  stm32f4xx_sdio.o
    0x08002170   0x08002170   0x00000154   Code   RO         5443    i.SD_ProcessIRQSrc  sdio_sdcard.o
    0x080022c4   0x080022c4   0x00000002   Code   RO         4915    i.SVC_Handler       stm32f4xx_it.o
    0x080022c6   0x080022c6   0x00000002   PAD
    0x080022c8   0x080022c8   0x000000ec   Code   RO           13    i.SetSysClock       system_stm32f4xx.o
    0x080023b4   0x080023b4   0x00000350   Code   RO         4768    i.Show_C            main.o
    0x08002704   0x08002704   0x000000c4   Code   RO         6216    i.Show_Font         text.o
    0x080027c8   0x080027c8   0x00000350   Code   RO         4769    i.Show_R            main.o
    0x08002b18   0x08002b18   0x000000c6   Code   RO         6217    i.Show_Str          text.o
    0x08002bde   0x08002bde   0x00000028   Code   RO          159    i.SysTick_CLKSourceConfig  misc.o
    0x08002c06   0x08002c06   0x00000002   Code   RO         4916    i.SysTick_Handler   stm32f4xx_it.o
    0x08002c08   0x08002c08   0x00000068   Code   RO           15    i.SystemInit        system_stm32f4xx.o
    0x08002c70   0x08002c70   0x0000003a   Code   RO         3941    i.TI1_Config        stm32f4xx_tim.o
    0x08002caa   0x08002caa   0x00000050   Code   RO         3942    i.TI2_Config        stm32f4xx_tim.o
    0x08002cfa   0x08002cfa   0x00000002   PAD
    0x08002cfc   0x08002cfc   0x0000002c   Code   RO         4917    i.TIM8_CC_IRQHandler  stm32f4xx_it.o
    0x08002d28   0x08002d28   0x00000006   Code   RO         3952    i.TIM_ClearITPendingBit  stm32f4xx_tim.o
    0x08002d2e   0x08002d2e   0x00000018   Code   RO         3957    i.TIM_Cmd           stm32f4xx_tim.o
    0x08002d46   0x08002d46   0x00000006   Code   RO         3972    i.TIM_GetCapture1   stm32f4xx_tim.o
    0x08002d4c   0x08002d4c   0x00000006   Code   RO         3973    i.TIM_GetCapture2   stm32f4xx_tim.o
    0x08002d52   0x08002d52   0x00000012   Code   RO         3982    i.TIM_ITConfig      stm32f4xx_tim.o
    0x08002d64   0x08002d64   0x0000007c   Code   RO         3986    i.TIM_OC1Init       stm32f4xx_tim.o
    0x08002de0   0x08002de0   0x00000012   Code   RO         3989    i.TIM_OC1PreloadConfig  stm32f4xx_tim.o
    0x08002df2   0x08002df2   0x0000007c   Code   RO         4005    i.TIM_PWMIConfig    stm32f4xx_tim.o
    0x08002e6e   0x08002e6e   0x00000002   PAD
    0x08002e70   0x08002e70   0x000000a0   Code   RO         4993    i.TIM_PWMINPUT_Config  bsp_advance_tim.o
    0x08002f10   0x08002f10   0x00000064   Code   RO         4994    i.TIM_PWMOUTPUT_Config  bsp_advance_tim.o
    0x08002f74   0x08002f74   0x00000012   Code   RO         4011    i.TIM_SelectInputTrigger  stm32f4xx_tim.o
    0x08002f86   0x08002f86   0x00000012   Code   RO         4012    i.TIM_SelectMasterSlaveMode  stm32f4xx_tim.o
    0x08002f98   0x08002f98   0x00000012   Code   RO         4016    i.TIM_SelectSlaveMode  stm32f4xx_tim.o
    0x08002faa   0x08002faa   0x00000012   Code   RO         4024    i.TIM_SetIC1Prescaler  stm32f4xx_tim.o
    0x08002fbc   0x08002fbc   0x0000001a   Code   RO         4025    i.TIM_SetIC2Prescaler  stm32f4xx_tim.o
    0x08002fd6   0x08002fd6   0x00000002   PAD
    0x08002fd8   0x08002fd8   0x00000084   Code   RO         4029    i.TIM_TimeBaseInit  stm32f4xx_tim.o
    0x0800305c   0x0800305c   0x00000014   Code   RO         4995    i.TIMx_Configuration  bsp_advance_tim.o
    0x08003070   0x08003070   0x00000060   Code   RO         4996    i.TIMx_GPIO_Config  bsp_advance_tim.o
    0x080030d0   0x080030d0   0x0000002a   Code   RO         4997    i.TIMx_NVIC_Configuration  bsp_advance_tim.o
    0x080030fa   0x080030fa   0x00000002   PAD
    0x080030fc   0x080030fc   0x00000088   Code   RO         5164    i.USART1_IRQHandler  usart.o
    0x08003184   0x08003184   0x00000012   Code   RO         4507    i.USART_ClearFlag   stm32f4xx_usart.o
    0x08003196   0x08003196   0x00000018   Code   RO         4511    i.USART_Cmd         stm32f4xx_usart.o
    0x080031ae   0x080031ae   0x00000054   Code   RO         4515    i.USART_GetITStatus  stm32f4xx_usart.o
    0x08003202   0x08003202   0x0000004a   Code   RO         4517    i.USART_ITConfig    stm32f4xx_usart.o
    0x0800324c   0x0800324c   0x000000d4   Code   RO         4518    i.USART_Init        stm32f4xx_usart.o
    0x08003320   0x08003320   0x0000000a   Code   RO         4525    i.USART_ReceiveData  stm32f4xx_usart.o
    0x0800332a   0x0800332a   0x00000004   Code   RO         4918    i.UsageFault_Handler  stm32f4xx_it.o
    0x0800332e   0x0800332e   0x00000002   PAD
    0x08003330   0x08003330   0x00000020   Code   RO         6527    i.__0printf         mc_w.l(printfa.o)
    0x08003350   0x08003350   0x0000000e   Code   RO         6617    i.__scatterload_copy  mc_w.l(handlers.o)
    0x0800335e   0x0800335e   0x00000002   Code   RO         6618    i.__scatterload_null  mc_w.l(handlers.o)
    0x08003360   0x08003360   0x0000000e   Code   RO         6619    i.__scatterload_zeroinit  mc_w.l(handlers.o)
    0x0800336e   0x0800336e   0x00000002   PAD
    0x08003370   0x08003370   0x00000184   Code   RO         6534    i._fp_digits        mc_w.l(printfa.o)
    0x080034f4   0x080034f4   0x000006dc   Code   RO         6535    i._printf_core      mc_w.l(printfa.o)
    0x08003bd0   0x08003bd0   0x00000024   Code   RO         6536    i._printf_post_padding  mc_w.l(printfa.o)
    0x08003bf4   0x08003bf4   0x0000002e   Code   RO         6537    i._printf_pre_padding  mc_w.l(printfa.o)
    0x08003c22   0x08003c22   0x00000002   PAD
    0x08003c24   0x08003c24   0x0000003c   Code   RO         5098    i.delay_init        delay.o
    0x08003c60   0x08003c60   0x00000038   Code   RO         5099    i.delay_ms          delay.o
    0x08003c98   0x08003c98   0x0000004c   Code   RO         5100    i.delay_us          delay.o
    0x08003ce4   0x08003ce4   0x0000004c   Code   RO         5101    i.delay_xms         delay.o
    0x08003d30   0x08003d30   0x0000001c   Code   RO         5166    i.fputc             usart.o
    0x08003d4c   0x08003d4c   0x00000078   Code   RO         4770    i.get_F_C           main.o
    0x08003dc4   0x08003dc4   0x00000234   Code   RO         4771    i.main              main.o
    0x08003ff8   0x08003ff8   0x00000058   Code   RO         4772    i.switch_1          main.o
    0x08004050   0x08004050   0x00000058   Code   RO         4773    i.switch_2          main.o
    0x080040a8   0x080040a8   0x00000058   Code   RO         4774    i.switch_3          main.o
    0x08004100   0x08004100   0x00000058   Code   RO         4775    i.switch_4          main.o
    0x08004158   0x08004158   0x0000003c   Code   RO         4776    i.switch_5          main.o
    0x08004194   0x08004194   0x000000b4   Code   RO         5167    i.uart_init         usart.o
    0x08004248   0x08004248   0x0000227a   Data   RO         5384    .constdata          font.o
    0x080064c2   0x080064c2   0x00000002   PAD
    0x080064c4   0x080064c4   0x00000020   Data   RO         6615    Region$$Table       anon$$obj.o


    Execution Region RW_IRAM1 (Exec base: 0x20000000, Load base: 0x080064e4, Size: 0x00000828, Max: 0x00020000, ABSOLUTE)

    Exec Addr    Load Addr    Size         Type   Attr      Idx    E Section Name        Object

    0x20000000   0x080064e4   0x00000010   Data   RW         2614    .data               stm32f4xx_rcc.o
    0x20000010   0x080064f4   0x0000002d   Data   RW         4778    .data               main.o
    0x2000003d   0x08006521   0x00000003   PAD
    0x20000040   0x08006524   0x0000000c   Data   RW         4919    .data               stm32f4xx_it.o
    0x2000004c   0x08006530   0x00000006   Data   RW         5040    .data               bsp_adc.o
    0x20000052   0x08006536   0x00000004   Data   RW         5102    .data               delay.o
    0x20000056   0x0800653a   0x00000002   PAD
    0x20000058   0x0800653c   0x00000006   Data   RW         5169    .data               usart.o
    0x2000005e   0x08006542   0x00000002   PAD
    0x20000060   0x08006544   0x00000010   Data   RW         5455    .data               sdio_sdcard.o
    0x20000070   0x08006554   0x00000008   Data   RW         5982    .data               lcd.o
    0x20000078        -       0x00000018   Zero   RW         4777    .bss                main.o
    0x20000090        -       0x000000c8   Zero   RW         5168    .bss                usart.o
    0x20000158        -       0x000002c0   Zero   RW         5454    .bss                sdio_sdcard.o
    0x20000418        -       0x0000000e   Zero   RW         5980    .bss                lcd.o
    0x20000426   0x0800655c   0x00000002   PAD
    0x20000428        -       0x00000400   Zero   RW            1    STACK               startup_stm32f40xx.o


==============================================================================

Image component sizes


      Code (inc. data)   RO Data    RW Data    ZI Data      Debug   Object Name

       380         20          0          6          0       2437   bsp_adc.o
       418         16          0          0          0       2985   bsp_advance_tim.o
       156         10          0          0          0        630   bsp_gpio.o
       268         16          0          4          0       2619   delay.o
         0          0       8826          0          0       1230   font.o
       124         14          0          0          0        651   gbk_libdrive.o
      2382        126          0          8         14      11646   lcd.o
        64          4          0          0          0        555   led.o
      4060        556          0         45         24      10208   main.o
       180         24          0          0          0       2429   misc.o
       448         28          0         16        704      11678   sdio_sdcard.o
        36          8        392          0       1024        980   startup_stm32f40xx.o
       412         24          0          0          0       6792   stm32f4xx_adc.o
       110          6          0          0          0       2633   stm32f4xx_dma.o
       344         16          0          0          0       2273   stm32f4xx_fsmc.o
       222          0          0          0          0       3315   stm32f4xx_gpio.o
        70         12          0         12          0       5655   stm32f4xx_it.o
       360         42          0         16          0       5804   stm32f4xx_rcc.o
        80         14          0          0          0       3845   stm32f4xx_sdio.o
       694         38          0          0          0      12005   stm32f4xx_tim.o
       422          8          0          0          0       5436   stm32f4xx_usart.o
       340         32          0          0          0     337705   system_stm32f4xx.o
       772         16          0          0          0       6435   text.o
       344         28          0          6        200       3864   usart.o

    ----------------------------------------------------------------------
     12710       1058       9252        120       1968     443810   Object Totals
         0          0         32          0          0          0   (incl. Generated)
        24          0          2          7          2          0   (incl. Padding)

    ----------------------------------------------------------------------

      Code (inc. data)   RO Data    RW Data    ZI Data      Debug   Library Member Name

         0          0          0          0          0          0   entry.o
         0          0          0          0          0          0   entry10a.o
         0          0          0          0          0          0   entry11a.o
         8          4          0          0          0          0   entry2.o
         4          0          0          0          0          0   entry5.o
         0          0          0          0          0          0   entry7b.o
         0          0          0          0          0          0   entry8b.o
         8          4          0          0          0          0   entry9a.o
        30          0          0          0          0          0   handlers.o
        36          8          0          0          0         68   init.o
         0          0          0          0          0          0   iusefp.o
        30          0          0          0          0         68   llshl.o
        36          0          0          0          0         68   llsshr.o
        32          0          0          0          0         68   llushr.o
      2258         90          0          0          0        452   printfa.o
        44          0          0          0          0         80   uidiv.o
        98          0          0          0          0         92   uldiv.o
        48          0          0          0          0         68   cdcmple.o
        48          0          0          0          0         68   cdrcmple.o
       334          0          0          0          0        148   dadd.o
       222          0          0          0          0        100   ddiv.o
       186          0          0          0          0        176   depilogue.o
        62          0          0          0          0         80   dfixi.o
        48          0          0          0          0         68   dfixul.o
        34          0          0          0          0         76   dflti.o
        26          0          0          0          0         76   dfltui.o
       228          0          0          0          0         96   dmul.o
        38          0          0          0          0         68   f2d.o

    ----------------------------------------------------------------------
      3866        106          0          0          0       1920   Library Totals
         8          0          0          0          0          0   (incl. Padding)

    ----------------------------------------------------------------------

      Code (inc. data)   RO Data    RW Data    ZI Data      Debug   Library Name

      2584        106          0          0          0        896   mc_w.l
      1274          0          0          0          0       1024   mf_w.l

    ----------------------------------------------------------------------
      3866        106          0          0          0       1920   Library Totals

    ----------------------------------------------------------------------

==============================================================================


      Code (inc. data)   RO Data    RW Data    ZI Data      Debug   

     16576       1164       9252        120       1968     434146   Grand Totals
     16576       1164       9252        120       1968     434146   ELF Image Totals
     16576       1164       9252        120          0          0   ROM Totals

==============================================================================

    Total RO  Size (Code + RO Data)                25828 (  25.22kB)
    Total RW  Size (RW Data + ZI Data)              2088 (   2.04kB)
    Total ROM Size (Code + RO Data + RW Data)      25948 (  25.34kB)

==============================================================================

